[ 1378496ms] [ERROR] Failed to load resource: the server responded with a status of 403 () @ http://localhost:8082/api/v1/recommendations/today?latitude=37.5665&longitude=126.978:0
[ 1378496ms] [WARNING] [API] 접근 권한이 없습니다. @ http://localhost:3000/_next/static/chunks/node_modules_next_dist_f3530cac._.js:2297
[ 1379504ms] [ERROR] Failed to load resource: the server responded with a status of 403 () @ http://localhost:8082/api/v1/recommendations/today?latitude=37.5665&longitude=126.978:0
[ 1379504ms] [WARNING] [API] 접근 권한이 없습니다. @ http://localhost:3000/_next/static/chunks/node_modules_next_dist_f3530cac._.js:2297
[ 1385155ms] [ERROR] Failed to load resource: the server responded with a status of 403 () @ http://localhost:8081/api/v1/members/me:0
[ 1385155ms] [WARNING] [API] 접근 권한이 없습니다. @ http://localhost:3000/_next/static/chunks/node_modules_next_dist_f3530cac._.js:2297
[ 1386162ms] [ERROR] Failed to load resource: the server responded with a status of 403 () @ http://localhost:8081/api/v1/members/me:0
[ 1386162ms] [WARNING] [API] 접근 권한이 없습니다. @ http://localhost:3000/_next/static/chunks/node_modules_next_dist_f3530cac._.js:2297
[ 2050843ms] [ERROR] WebSocket connection to 'ws://localhost:3000/_next/webpack-hmr?id=K8I02b2vFd3NpIQCr4pdw' failed: Error in connection establishment: net::ERR_CONNECTION_REFUSED @ http://localhost:3000/_next/static/chunks/node_modules_next_dist_client_17643121._.js:10878
[ 2054190ms] [ERROR] WebSocket connection to 'ws://localhost:3000/_next/webpack-hmr?id=K8I02b2vFd3NpIQCr4pdw' failed: Error in connection establishment: net::ERR_CONNECTION_REFUSED @ http://localhost:3000/_next/static/chunks/node_modules_next_dist_client_17643121._.js:10878
[ 2057518ms] [ERROR] WebSocket connection to 'ws://localhost:3000/_next/webpack-hmr?id=K8I02b2vFd3NpIQCr4pdw' failed: Error in connection establishment: net::ERR_CONNECTION_REFUSED @ http://localhost:3000/_next/static/chunks/node_modules_next_dist_client_17643121._.js:10878
[ 2060838ms] [ERROR] WebSocket connection to 'ws://localhost:3000/_next/webpack-hmr?id=K8I02b2vFd3NpIQCr4pdw' failed: Error in connection establishment: net::ERR_CONNECTION_REFUSED @ http://localhost:3000/_next/static/chunks/node_modules_next_dist_client_17643121._.js:10878
[ 2064160ms] [ERROR] WebSocket connection to 'ws://localhost:3000/_next/webpack-hmr?id=K8I02b2vFd3NpIQCr4pdw' failed: Error in connection establishment: net::ERR_CONNECTION_REFUSED @ http://localhost:3000/_next/static/chunks/node_modules_next_dist_client_17643121._.js:10878
[ 2071485ms] [ERROR] WebSocket connection to 'ws://localhost:3000/_next/webpack-hmr?id=K8I02b2vFd3NpIQCr4pdw' failed: Error in connection establishment: net::ERR_CONNECTION_REFUSED @ http://localhost:3000/_next/static/chunks/node_modules_next_dist_client_17643121._.js:10878
[ 2078814ms] [ERROR] WebSocket connection to 'ws://localhost:3000/_next/webpack-hmr?id=K8I02b2vFd3NpIQCr4pdw' failed: Error in connection establishment: net::ERR_CONNECTION_REFUSED @ http://localhost:3000/_next/static/chunks/node_modules_next_dist_client_17643121._.js:10878
[ 2117914ms] [ERROR] WebSocket connection to 'ws://localhost:3000/_next/webpack-hmr?id=oa2-X2eSSiBsPsG4yZGoP' failed: Error in connection establishment: net::ERR_CONNECTION_REFUSED @ http://localhost:3000/_next/static/chunks/node_modules_next_dist_client_17643121._.js:10878
[ 2121241ms] [ERROR] WebSocket connection to 'ws://localhost:3000/_next/webpack-hmr?id=oa2-X2eSSiBsPsG4yZGoP' failed: Error in connection establishment: net::ERR_CONNECTION_REFUSED @ http://localhost:3000/_next/static/chunks/node_modules_next_dist_client_17643121._.js:10878
[ 2124581ms] [ERROR] WebSocket connection to 'ws://localhost:3000/_next/webpack-hmr?id=oa2-X2eSSiBsPsG4yZGoP' failed: Error in connection establishment: net::ERR_CONNECTION_REFUSED @ http://localhost:3000/_next/static/chunks/node_modules_next_dist_client_17643121._.js:10878
[ 2127893ms] [ERROR] WebSocket connection to 'ws://localhost:3000/_next/webpack-hmr?id=oa2-X2eSSiBsPsG4yZGoP' failed: Error in connection establishment: net::ERR_CONNECTION_REFUSED @ http://localhost:3000/_next/static/chunks/node_modules_next_dist_client_17643121._.js:10878
[ 2131232ms] [ERROR] WebSocket connection to 'ws://localhost:3000/_next/webpack-hmr?id=oa2-X2eSSiBsPsG4yZGoP' failed: Error in connection establishment: net::ERR_CONNECTION_REFUSED @ http://localhost:3000/_next/static/chunks/node_modules_next_dist_client_17643121._.js:10878
[ 2138597ms] [ERROR] WebSocket connection to 'ws://localhost:3000/_next/webpack-hmr?id=oa2-X2eSSiBsPsG4yZGoP' failed: Error in connection establishment: net::ERR_CONNECTION_REFUSED @ http://localhost:3000/_next/static/chunks/node_modules_next_dist_client_17643121._.js:10878
[ 2145942ms] [ERROR] WebSocket connection to 'ws://localhost:3000/_next/webpack-hmr?id=oa2-X2eSSiBsPsG4yZGoP' failed: Error in connection establishment: net::ERR_CONNECTION_REFUSED @ http://localhost:3000/_next/static/chunks/node_modules_next_dist_client_17643121._.js:10878
[ 2153305ms] [ERROR] WebSocket connection to 'ws://localhost:3000/_next/webpack-hmr?id=oa2-X2eSSiBsPsG4yZGoP' failed: Error in connection establishment: net::ERR_CONNECTION_REFUSED @ http://localhost:3000/_next/static/chunks/node_modules_next_dist_client_17643121._.js:10878
[ 2160645ms] [ERROR] WebSocket connection to 'ws://localhost:3000/_next/webpack-hmr?id=oa2-X2eSSiBsPsG4yZGoP' failed: Error in connection establishment: net::ERR_CONNECTION_REFUSED @ http://localhost:3000/_next/static/chunks/node_modules_next_dist_client_17643121._.js:10878
[ 2167964ms] [ERROR] WebSocket connection to 'ws://localhost:3000/_next/webpack-hmr?id=oa2-X2eSSiBsPsG4yZGoP' failed: Error in connection establishment: net::ERR_CONNECTION_REFUSED @ http://localhost:3000/_next/static/chunks/node_modules_next_dist_client_17643121._.js:10878
[ 2175302ms] [ERROR] WebSocket connection to 'ws://localhost:3000/_next/webpack-hmr?id=oa2-X2eSSiBsPsG4yZGoP' failed: Error in connection establishment: net::ERR_CONNECTION_REFUSED @ http://localhost:3000/_next/static/chunks/node_modules_next_dist_client_17643121._.js:10878
[ 2182630ms] [ERROR] WebSocket connection to 'ws://localhost:3000/_next/webpack-hmr?id=oa2-X2eSSiBsPsG4yZGoP' failed: Error in connection establishment: net::ERR_CONNECTION_REFUSED @ http://localhost:3000/_next/static/chunks/node_modules_next_dist_client_17643121._.js:10878
