[     174ms] [ERROR] Failed to load resource: the server responded with a status of 404 (Not Found) @ http://localhost:3000/manifest.json:0
[     182ms] [ERROR] Manifest fetch from http://localhost:3000/manifest.json failed, code 404 @ http://localhost:3000/subscription:0
[     275ms] [ERROR] Failed to load resource: the server responded with a status of 403 () @ http://localhost:8081/api/v1/members/me/subscription:0
[     276ms] [WARNING] [API] 접근 권한이 없습니다. @ http://localhost:3000/_next/static/chunks/node_modules_next_dist_f3530cac._.js:2297
[     276ms] [ERROR] Failed to load resource: the server responded with a status of 403 () @ http://localhost:8083/api/v1/subscriptions/plans:0
[     276ms] [WARNING] [API] 접근 권한이 없습니다. @ http://localhost:3000/_next/static/chunks/node_modules_next_dist_f3530cac._.js:2297
[     280ms] [ERROR] Failed to load resource: the server responded with a status of 404 (Not Found) @ http://localhost:3000/manifest.json:0
[     286ms] [ERROR] Manifest fetch from http://localhost:3000/manifest.json failed, code 404 @ http://localhost:3000/subscription:0
[    1288ms] [ERROR] Failed to load resource: the server responded with a status of 403 () @ http://localhost:8081/api/v1/members/me/subscription:0
[    1288ms] [WARNING] [API] 접근 권한이 없습니다. @ http://localhost:3000/_next/static/chunks/node_modules_next_dist_f3530cac._.js:2297
[    1291ms] [ERROR] Failed to load resource: the server responded with a status of 403 () @ http://localhost:8083/api/v1/subscriptions/plans:0
[    1292ms] [WARNING] [API] 접근 권한이 없습니다. @ http://localhost:3000/_next/static/chunks/node_modules_next_dist_f3530cac._.js:2297
[   92163ms] [ERROR] Failed to load resource: the server responded with a status of 403 () @ http://localhost:8081/api/v1/members/me/subscription:0
[   92163ms] [WARNING] [API] 접근 권한이 없습니다. @ http://localhost:3000/_next/static/chunks/node_modules_next_dist_f3530cac._.js:2297
[   92163ms] [ERROR] Failed to load resource: the server responded with a status of 403 () @ http://localhost:8083/api/v1/subscriptions/plans:0
[   92164ms] [WARNING] [API] 접근 권한이 없습니다. @ http://localhost:3000/_next/static/chunks/node_modules_next_dist_f3530cac._.js:2297
[   93168ms] [ERROR] Failed to load resource: the server responded with a status of 403 () @ http://localhost:8083/api/v1/subscriptions/plans:0
[   93168ms] [WARNING] [API] 접근 권한이 없습니다. @ http://localhost:3000/_next/static/chunks/node_modules_next_dist_f3530cac._.js:2297
[   93177ms] [ERROR] Failed to load resource: the server responded with a status of 403 () @ http://localhost:8081/api/v1/members/me/subscription:0
[   93177ms] [WARNING] [API] 접근 권한이 없습니다. @ http://localhost:3000/_next/static/chunks/node_modules_next_dist_f3530cac._.js:2297
