[     214ms] [ERROR] Failed to load resource: the server responded with a status of 404 (Not Found) @ http://localhost:3000/manifest.json:0
[     225ms] [ERROR] Manifest fetch from http://localhost:3000/manifest.json failed, code 404 @ http://localhost:3000/subscription:0
[     321ms] [ERROR] Failed to load resource: the server responded with a status of 404 (Not Found) @ http://localhost:3000/manifest.json:0
[     322ms] [ERROR] Manifest fetch from http://localhost:3000/manifest.json failed, code 404 @ http://localhost:3000/subscription:0
[     322ms] [ERROR] Failed to load resource: the server responded with a status of 403 () @ http://localhost:8081/api/v1/members/me/subscription:0
[     322ms] [WARNING] [API] 접근 권한이 없습니다. @ http://localhost:3000/_next/static/chunks/node_modules_next_dist_f3530cac._.js:2297
[     323ms] [ERROR] Failed to load resource: the server responded with a status of 403 () @ http://localhost:8083/api/v1/subscriptions/plans:0
[     323ms] [WARNING] [API] 접근 권한이 없습니다. @ http://localhost:3000/_next/static/chunks/node_modules_next_dist_f3530cac._.js:2297
[    1329ms] [ERROR] Failed to load resource: the server responded with a status of 403 () @ http://localhost:8081/api/v1/members/me/subscription:0
[    1329ms] [WARNING] [API] 접근 권한이 없습니다. @ http://localhost:3000/_next/static/chunks/node_modules_next_dist_f3530cac._.js:2297
[    1335ms] [ERROR] Failed to load resource: the server responded with a status of 403 () @ http://localhost:8083/api/v1/subscriptions/plans:0
[    1335ms] [WARNING] [API] 접근 권한이 없습니다. @ http://localhost:3000/_next/static/chunks/node_modules_next_dist_f3530cac._.js:2297
[   19621ms] [ERROR] Failed to load resource: the server responded with a status of 403 () @ http://localhost:8082/api/v1/insights:0
[   19621ms] [WARNING] [API] 접근 권한이 없습니다. @ http://localhost:3000/_next/static/chunks/node_modules_next_dist_f3530cac._.js:2297
[   19622ms] [ERROR] Failed to load resource: the server responded with a status of 403 () @ http://localhost:8082/api/v1/history/timeline:0
[   19622ms] [WARNING] [API] 접근 권한이 없습니다. @ http://localhost:3000/_next/static/chunks/node_modules_next_dist_f3530cac._.js:2297
[   19652ms] [ERROR] Failed to load resource: the server responded with a status of 404 (Not Found) @ http://localhost:3000/manifest.json:0
[   19659ms] [ERROR] Manifest fetch from http://localhost:3000/manifest.json failed, code 404 @ http://localhost:3000/insights:0
[   20282ms] [ERROR] Failed to load resource: the server responded with a status of 403 () @ http://localhost:8081/api/v1/members/me:0
[   20283ms] [WARNING] [API] 접근 권한이 없습니다. @ http://localhost:3000/_next/static/chunks/node_modules_next_dist_f3530cac._.js:2297
[   20320ms] [ERROR] Failed to load resource: the server responded with a status of 404 (Not Found) @ http://localhost:3000/manifest.json:0
[   20326ms] [ERROR] Manifest fetch from http://localhost:3000/manifest.json failed, code 404 @ http://localhost:3000/profile:0
[   21289ms] [ERROR] Failed to load resource: the server responded with a status of 403 () @ http://localhost:8081/api/v1/members/me:0
[   21289ms] [WARNING] [API] 접근 권한이 없습니다. @ http://localhost:3000/_next/static/chunks/node_modules_next_dist_f3530cac._.js:2297
[   21881ms] [ERROR] Failed to load resource: the server responded with a status of 403 () @ http://localhost:8082/api/v1/recommendations/today?latitude=37.5665&longitude=126.978:0
[   21882ms] [WARNING] [API] 접근 권한이 없습니다. @ http://localhost:3000/_next/static/chunks/node_modules_next_dist_f3530cac._.js:2297
[   21903ms] [ERROR] Failed to load resource: the server responded with a status of 404 (Not Found) @ http://localhost:3000/manifest.json:0
[   21909ms] [ERROR] Manifest fetch from http://localhost:3000/manifest.json failed, code 404 @ http://localhost:3000/home:0
[   22895ms] [ERROR] Failed to load resource: the server responded with a status of 403 () @ http://localhost:8082/api/v1/recommendations/today?latitude=37.5665&longitude=126.978:0
[   22896ms] [WARNING] [API] 접근 권한이 없습니다. @ http://localhost:3000/_next/static/chunks/node_modules_next_dist_f3530cac._.js:2297
[   66629ms] [ERROR] Failed to load resource: the server responded with a status of 403 () @ http://localhost:8082/api/v1/recommendations/demo-001/reason:0
[   66629ms] [WARNING] [API] 접근 권한이 없습니다. @ http://localhost:3000/_next/static/chunks/node_modules_next_dist_f3530cac._.js:2297
[   67637ms] [ERROR] Failed to load resource: the server responded with a status of 403 () @ http://localhost:8082/api/v1/recommendations/demo-001/reason:0
[   67637ms] [WARNING] [API] 접근 권한이 없습니다. @ http://localhost:3000/_next/static/chunks/node_modules_next_dist_f3530cac._.js:2297
[   74864ms] [ERROR] Failed to load resource: the server responded with a status of 403 () @ http://localhost:8082/api/v1/recommendations/demo-001/reject:0
[   74865ms] [WARNING] [API] 접근 권한이 없습니다. @ http://localhost:3000/_next/static/chunks/node_modules_next_dist_f3530cac._.js:2297
[  104703ms] [ERROR] Failed to load resource: the server responded with a status of 403 () @ http://localhost:8082/api/v1/recommendations/demo-001/reason:0
[  104703ms] [WARNING] [API] 접근 권한이 없습니다. @ http://localhost:3000/_next/static/chunks/node_modules_next_dist_f3530cac._.js:2297
[  105709ms] [ERROR] Failed to load resource: the server responded with a status of 403 () @ http://localhost:8082/api/v1/recommendations/demo-001/reason:0
[  105710ms] [WARNING] [API] 접근 권한이 없습니다. @ http://localhost:3000/_next/static/chunks/node_modules_next_dist_f3530cac._.js:2297
[  152239ms] [ERROR] Failed to load resource: the server responded with a status of 403 () @ http://localhost:8082/api/v1/recommendations/today?latitude=37.5665&longitude=126.978:0
[  152239ms] [WARNING] [API] 접근 권한이 없습니다. @ http://localhost:3000/_next/static/chunks/node_modules_next_dist_f3530cac._.js:2297
[  152239ms] [ERROR] Failed to load resource: the server responded with a status of 403 () @ http://localhost:8082/api/v1/recommendations/demo-001/reason:0
[  152239ms] [WARNING] [API] 접근 권한이 없습니다. @ http://localhost:3000/_next/static/chunks/node_modules_next_dist_f3530cac._.js:2297
[  153247ms] [ERROR] Failed to load resource: the server responded with a status of 403 () @ http://localhost:8082/api/v1/recommendations/demo-001/reason:0
[  153247ms] [WARNING] [API] 접근 권한이 없습니다. @ http://localhost:3000/_next/static/chunks/node_modules_next_dist_f3530cac._.js:2297
[  153248ms] [ERROR] Failed to load resource: the server responded with a status of 403 () @ http://localhost:8082/api/v1/recommendations/today?latitude=37.5665&longitude=126.978:0
[  153248ms] [WARNING] [API] 접근 권한이 없습니다. @ http://localhost:3000/_next/static/chunks/node_modules_next_dist_f3530cac._.js:2297
[  169122ms] [ERROR] Failed to load resource: the server responded with a status of 403 () @ http://localhost:8082/api/v1/recommendations/today?latitude=37.5665&longitude=126.978:0
[  169122ms] [WARNING] [API] 접근 권한이 없습니다. @ http://localhost:3000/_next/static/chunks/node_modules_next_dist_f3530cac._.js:2297
[  169134ms] [ERROR] Failed to load resource: the server responded with a status of 403 () @ http://localhost:8082/api/v1/recommendations/demo-001/reason:0
[  169134ms] [WARNING] [API] 접근 권한이 없습니다. @ http://localhost:3000/_next/static/chunks/node_modules_next_dist_f3530cac._.js:2297
[  170128ms] [ERROR] Failed to load resource: the server responded with a status of 403 () @ http://localhost:8082/api/v1/recommendations/today?latitude=37.5665&longitude=126.978:0
[  170129ms] [WARNING] [API] 접근 권한이 없습니다. @ http://localhost:3000/_next/static/chunks/node_modules_next_dist_f3530cac._.js:2297
[  170137ms] [ERROR] Failed to load resource: the server responded with a status of 403 () @ http://localhost:8082/api/v1/recommendations/demo-001/reason:0
[  170138ms] [WARNING] [API] 접근 권한이 없습니다. @ http://localhost:3000/_next/static/chunks/node_modules_next_dist_f3530cac._.js:2297
[  176349ms] [ERROR] Failed to load resource: the server responded with a status of 403 () @ http://localhost:8082/api/v1/recommendations/demo-001/reason:0
[  176350ms] [WARNING] [API] 접근 권한이 없습니다. @ http://localhost:3000/_next/static/chunks/node_modules_next_dist_f3530cac._.js:2297
[  176350ms] [ERROR] Failed to load resource: the server responded with a status of 403 () @ http://localhost:8082/api/v1/recommendations/today?latitude=37.5665&longitude=126.978:0
[  176350ms] [WARNING] [API] 접근 권한이 없습니다. @ http://localhost:3000/_next/static/chunks/node_modules_next_dist_f3530cac._.js:2297
[  177356ms] [ERROR] Failed to load resource: the server responded with a status of 403 () @ http://localhost:8082/api/v1/recommendations/today?latitude=37.5665&longitude=126.978:0
[  177356ms] [WARNING] [API] 접근 권한이 없습니다. @ http://localhost:3000/_next/static/chunks/node_modules_next_dist_f3530cac._.js:2297
[  177357ms] [ERROR] Failed to load resource: the server responded with a status of 403 () @ http://localhost:8082/api/v1/recommendations/demo-001/reason:0
[  177357ms] [WARNING] [API] 접근 권한이 없습니다. @ http://localhost:3000/_next/static/chunks/node_modules_next_dist_f3530cac._.js:2297
