[     137ms] [ERROR] Failed to load resource: the server responded with a status of 403 () @ http://localhost:8081/api/v1/members/me/subscription:0
[     137ms] [WARNING] [API] 접근 권한이 없습니다. @ http://localhost:3000/_next/static/chunks/node_modules_next_dist_f3530cac._.js:2297
[     146ms] [ERROR] Failed to load resource: the server responded with a status of 403 () @ http://localhost:8082/api/v1/insights:0
[     146ms] [WARNING] [API] 접근 권한이 없습니다. @ http://localhost:3000/_next/static/chunks/node_modules_next_dist_f3530cac._.js:2297
[     146ms] [ERROR] Failed to load resource: the server responded with a status of 403 () @ http://localhost:8082/api/v1/history/timeline:0
[     146ms] [WARNING] [API] 접근 권한이 없습니다. @ http://localhost:3000/_next/static/chunks/node_modules_next_dist_f3530cac._.js:2297
[    1143ms] [ERROR] Failed to load resource: the server responded with a status of 403 () @ http://localhost:8081/api/v1/members/me/subscription:0
[    1143ms] [WARNING] [API] 접근 권한이 없습니다. @ http://localhost:3000/_next/static/chunks/node_modules_next_dist_f3530cac._.js:2297
[    1151ms] [ERROR] Failed to load resource: the server responded with a status of 403 () @ http://localhost:8082/api/v1/history/timeline:0
[    1152ms] [WARNING] [API] 접근 권한이 없습니다. @ http://localhost:3000/_next/static/chunks/node_modules_next_dist_f3530cac._.js:2297
[    1152ms] [ERROR] Failed to load resource: the server responded with a status of 403 () @ http://localhost:8082/api/v1/insights:0
[    1152ms] [WARNING] [API] 접근 권한이 없습니다. @ http://localhost:3000/_next/static/chunks/node_modules_next_dist_f3530cac._.js:2297
[   41957ms] [ERROR] Failed to load resource: the server responded with a status of 403 () @ http://localhost:8081/api/v1/members/me:0
[   41957ms] [WARNING] [API] 접근 권한이 없습니다. @ http://localhost:3000/_next/static/chunks/node_modules_next_dist_f3530cac._.js:2297
[   42962ms] [ERROR] Failed to load resource: the server responded with a status of 403 () @ http://localhost:8081/api/v1/members/me:0
[   42962ms] [WARNING] [API] 접근 권한이 없습니다. @ http://localhost:3000/_next/static/chunks/node_modules_next_dist_f3530cac._.js:2297
[  398051ms] ReferenceError: getPatternStyle is not defined
    at eval (http://localhost:3000/_next/static/chunks/src_d85d31ef._.js?id=%255Bproject%255D%252Fsrc%252Fapp%252F%2528main%2529%252Finsights%252Fpage.tsx+%255Bapp-client%255D+%2528ecmascript%2529:872:35)
    at Array.map (<anonymous>)
    at SatisfactionPatternCard (http://localhost:3000/_next/static/chunks/src_d85d31ef._.js?id=%255Bproject%255D%252Fsrc%252Fapp%252F%2528main%2529%252Finsights%252Fpage.tsx+%255Bapp-client%255D+%2528ecmascript%2529:871:36)
    at Object.react_stack_bottom_frame (http://localhost:3000/_next/static/chunks/node_modules_next_dist_compiled_react-dom_1e674e59._.js:14826:24)
    at renderWithHooks (http://localhost:3000/_next/static/chunks/node_modules_next_dist_compiled_react-dom_1e674e59._.js:4651:24)
    at updateFunctionComponent (http://localhost:3000/_next/static/chunks/node_modules_next_dist_compiled_react-dom_1e674e59._.js:6112:21)
    at beginWork (http://localhost:3000/_next/static/chunks/node_modules_next_dist_compiled_react-dom_1e674e59._.js:6708:24)
    at runWithFiberInDEV (http://localhost:3000/_next/static/chunks/node_modules_next_dist_compiled_react-dom_1e674e59._.js:965:74)
    at performUnitOfWork (http://localhost:3000/_next/static/chunks/node_modules_next_dist_compiled_react-dom_1e674e59._.js:9562:97)
    at workLoopSync (http://localhost:3000/_next/static/chunks/node_modules_next_dist_compiled_react-dom_1e674e59._.js:9456:40)
    at renderRootSync (http://localhost:3000/_next/static/chunks/node_modules_next_dist_compiled_react-dom_1e674e59._.js:9440:13)
    at performWorkOnRoot (http://localhost:3000/_next/static/chunks/node_modules_next_dist_compiled_react-dom_1e674e59._.js:9105:47)
    at performSyncWorkOnRoot (http://localhost:3000/_next/static/chunks/node_modules_next_dist_compiled_react-dom_1e674e59._.js:10238:9)
    at flushSyncWorkAcrossRoots_impl (http://localhost:3000/_next/static/chunks/node_modules_next_dist_compiled_react-dom_1e674e59._.js:10154:316)
    at flushSyncWork$1 (http://localhost:3000/_next/static/chunks/node_modules_next_dist_compiled_react-dom_1e674e59._.js:9237:86)
    at Object.scheduleRefresh (http://localhost:3000/_next/static/chunks/node_modules_next_dist_compiled_react-dom_1e674e59._.js:299:13)
    at http://localhost:3000/_next/static/chunks/node_modules_next_dist_compiled_a0e4c7b4._.js:391:33
    at Set.forEach (<anonymous>)
    at Object.performReactRefresh (http://localhost:3000/_next/static/chunks/node_modules_next_dist_compiled_a0e4c7b4._.js:384:38)
    at applyUpdate (http://localhost:3000/_next/static/chunks/node_modules_next_dist_compiled_a0e4c7b4._.js:878:31)
    at http://localhost:3000/_next/static/chunks/node_modules_next_dist_compiled_a0e4c7b4._.js:886:13
[  407639ms] [WARNING] [Fast Refresh] performing full reload because your application had an unrecoverable error @ http://localhost:3000/_next/static/chunks/node_modules_next_dist_f3530cac._.js:2297
[  834099ms] [ERROR] Failed to load resource: the server responded with a status of 404 () @ http://localhost:8083/api/v1/subscriptions/extend-trial:0
