[ 1546524ms] [ERROR] Failed to load resource: the server responded with a status of 429 () @ https://dapi.kakao.com/v2/local/geo/coord2regioncode.json?x=126.9544324644064&y=37.55730901504293:0
[ 1546555ms] [ERROR] Failed to load resource: the server responded with a status of 429 () @ https://dapi.kakao.com/v2/local/geo/coord2regioncode.json?x=126.9544324644064&y=37.55730901504293:0
[ 1572401ms] [ERROR] Failed to load resource: the server responded with a status of 429 () @ https://dapi.kakao.com/v2/local/geo/coord2regioncode.json?x=126.9544324644064&y=37.55730901504293:0
[ 1572427ms] [ERROR] Failed to load resource: the server responded with a status of 429 () @ https://dapi.kakao.com/v2/local/geo/coord2regioncode.json?x=126.9544324644064&y=37.55730901504293:0
[ 1587953ms] [ERROR] Failed to load resource: the server responded with a status of 429 () @ https://dapi.kakao.com/v2/local/geo/coord2regioncode.json?x=126.9544324644064&y=37.55730901504293:0
[ 1587990ms] [ERROR] Failed to load resource: the server responded with a status of 429 () @ https://dapi.kakao.com/v2/local/geo/coord2regioncode.json?x=126.9544324644064&y=37.55730901504293:0
[ 1649460ms] [ERROR] Failed to load resource: the server responded with a status of 403 () @ http://localhost:8082/api/v1/recommendations/today?latitude=37.5665&longitude=126.978:0
[ 1649461ms] [WARNING] [API] 접근 권한이 없습니다. @ http://localhost:3000/_next/static/chunks/node_modules_next_dist_f3530cac._.js:2297
[ 1650467ms] [ERROR] Failed to load resource: the server responded with a status of 403 () @ http://localhost:8082/api/v1/recommendations/today?latitude=37.5665&longitude=126.978:0
[ 1650467ms] [WARNING] [API] 접근 권한이 없습니다. @ http://localhost:3000/_next/static/chunks/node_modules_next_dist_f3530cac._.js:2297
[ 1653486ms] [ERROR] Failed to load resource: the server responded with a status of 429 () @ https://dapi.kakao.com/v2/local/geo/coord2regioncode.json?x=126.95440770262667&y=37.557309876858234:0
[ 1653495ms] [ERROR] Failed to load resource: the server responded with a status of 403 () @ http://localhost:8082/api/v1/recommendations/today?latitude=37.557309876858234&longitude=126.95440770262667:0
[ 1653495ms] [WARNING] [API] 접근 권한이 없습니다. @ http://localhost:3000/_next/static/chunks/node_modules_next_dist_f3530cac._.js:2297
[ 1654499ms] [ERROR] Failed to load resource: the server responded with a status of 403 () @ http://localhost:8082/api/v1/recommendations/today?latitude=37.557309876858234&longitude=126.95440770262667:0
[ 1654500ms] [WARNING] [API] 접근 권한이 없습니다. @ http://localhost:3000/_next/static/chunks/node_modules_next_dist_f3530cac._.js:2297
[ 1655762ms] [ERROR] Failed to load resource: the server responded with a status of 403 () @ http://localhost:8082/api/v1/recommendations/today?latitude=37.5665&longitude=126.978:0
[ 1655762ms] [WARNING] [API] 접근 권한이 없습니다. @ http://localhost:3000/_next/static/chunks/node_modules_next_dist_f3530cac._.js:2297
[ 1655811ms] [ERROR] Failed to load resource: the server responded with a status of 429 () @ https://dapi.kakao.com/v2/local/geo/coord2regioncode.json?x=126.95440770262667&y=37.557309876858234:0
[ 1655816ms] [ERROR] Failed to load resource: the server responded with a status of 403 () @ http://localhost:8082/api/v1/recommendations/today?latitude=37.557309876858234&longitude=126.95440770262667:0
[ 1655816ms] [WARNING] [API] 접근 권한이 없습니다. @ http://localhost:3000/_next/static/chunks/node_modules_next_dist_f3530cac._.js:2297
[ 1656820ms] [ERROR] Failed to load resource: the server responded with a status of 403 () @ http://localhost:8082/api/v1/recommendations/today?latitude=37.557309876858234&longitude=126.95440770262667:0
[ 1656820ms] [WARNING] [API] 접근 권한이 없습니다. @ http://localhost:3000/_next/static/chunks/node_modules_next_dist_f3530cac._.js:2297
[ 1657667ms] [ERROR] Failed to load resource: the server responded with a status of 403 () @ http://localhost:8082/api/v1/recommendations/today?latitude=37.5665&longitude=126.978:0
[ 1657668ms] [WARNING] [API] 접근 권한이 없습니다. @ http://localhost:3000/_next/static/chunks/node_modules_next_dist_f3530cac._.js:2297
[ 1657720ms] [ERROR] Failed to load resource: the server responded with a status of 429 () @ https://dapi.kakao.com/v2/local/geo/coord2regioncode.json?x=126.95440770262667&y=37.557309876858234:0
[ 1657726ms] [ERROR] Failed to load resource: the server responded with a status of 403 () @ http://localhost:8082/api/v1/recommendations/today?latitude=37.557309876858234&longitude=126.95440770262667:0
[ 1657726ms] [WARNING] [API] 접근 권한이 없습니다. @ http://localhost:3000/_next/static/chunks/node_modules_next_dist_f3530cac._.js:2297
[ 1658732ms] [ERROR] Failed to load resource: the server responded with a status of 403 () @ http://localhost:8082/api/v1/recommendations/today?latitude=37.557309876858234&longitude=126.95440770262667:0
[ 1658732ms] [WARNING] [API] 접근 권한이 없습니다. @ http://localhost:3000/_next/static/chunks/node_modules_next_dist_f3530cac._.js:2297
[ 1659981ms] [ERROR] Failed to load resource: the server responded with a status of 403 () @ http://localhost:8081/api/v1/members/me:0
[ 1659981ms] [WARNING] [API] 접근 권한이 없습니다. @ http://localhost:3000/_next/static/chunks/node_modules_next_dist_f3530cac._.js:2297
[ 1660986ms] [ERROR] Failed to load resource: the server responded with a status of 403 () @ http://localhost:8081/api/v1/members/me:0
[ 1660986ms] [WARNING] [API] 접근 권한이 없습니다. @ http://localhost:3000/_next/static/chunks/node_modules_next_dist_f3530cac._.js:2297
[ 1665660ms] [ERROR] Failed to load resource: the server responded with a status of 429 () @ https://dapi.kakao.com/v2/local/geo/coord2regioncode.json?x=126.95440770262667&y=37.557309876858234:0
[ 1665695ms] [ERROR] Failed to load resource: the server responded with a status of 429 () @ https://dapi.kakao.com/v2/local/geo/coord2regioncode.json?x=126.95440770262667&y=37.557309876858234:0
[ 1676502ms] [ERROR] Failed to load resource: the server responded with a status of 429 () @ https://dapi.kakao.com/v2/local/geo/coord2regioncode.json?x=126.95440770262667&y=37.557309876858234:0
[ 1676532ms] [ERROR] Failed to load resource: the server responded with a status of 429 () @ https://dapi.kakao.com/v2/local/geo/coord2regioncode.json?x=126.95440770262667&y=37.557309876858234:0
[ 1678237ms] [ERROR] Failed to load resource: the server responded with a status of 429 () @ https://dapi.kakao.com/v2/local/geo/coord2regioncode.json?x=126.95440770262667&y=37.557309876858234:0
[ 1680282ms] [ERROR] Failed to load resource: the server responded with a status of 429 () @ https://dapi.kakao.com/v2/local/geo/coord2regioncode.json?x=126.95440770262667&y=37.557309876858234:0
[ 1680912ms] [ERROR] Failed to load resource: the server responded with a status of 429 () @ https://dapi.kakao.com/v2/local/geo/coord2regioncode.json?x=126.95440770262667&y=37.557309876858234:0
[ 1681147ms] [ERROR] Failed to load resource: the server responded with a status of 429 () @ https://dapi.kakao.com/v2/local/geo/coord2regioncode.json?x=126.95440770262667&y=37.557309876858234:0
[ 1681358ms] [ERROR] Failed to load resource: the server responded with a status of 429 () @ https://dapi.kakao.com/v2/local/geo/coord2regioncode.json?x=126.95440770262667&y=37.557309876858234:0
[ 1681550ms] [ERROR] Failed to load resource: the server responded with a status of 429 () @ https://dapi.kakao.com/v2/local/geo/coord2regioncode.json?x=126.95440770262667&y=37.557309876858234:0
[ 1749681ms] [ERROR] Failed to load resource: the server responded with a status of 429 () @ https://dapi.kakao.com/v2/local/geo/coord2regioncode.json?x=126.95441708902521&y=37.55730842582421:0
[ 2102903ms] [ERROR] Failed to load resource: the server responded with a status of 500 () @ http://localhost:8081/api/v1/members/me:0
[ 2104494ms] [ERROR] Failed to load resource: the server responded with a status of 500 () @ http://localhost:8081/api/v1/members/me:0
[ 2105228ms] [ERROR] Failed to load resource: the server responded with a status of 500 () @ http://localhost:8081/api/v1/members/me:0
[ 2106081ms] [ERROR] Failed to load resource: the server responded with a status of 500 () @ http://localhost:8081/api/v1/members/me:0
[ 2130470ms] [ERROR] Failed to load resource: the server responded with a status of 404 () @ http://localhost:8083/api/v1/subscriptions/sub-550e8400-e29b-41d4-a716-446655440050:0
