2026-02-28 00:01:05 [http-nio-8083-exec-5] DEBUG c.u.l.p.c.j.JwtAuthenticationFilter - JWT 인증 완료 — memberId: 9e9447a9-3e25-4fcb-b374-8eb5a849bf87
2026-02-28 00:01:05 [http-nio-8083-exec-6] DEBUG c.u.l.p.c.j.JwtAuthenticationFilter - JWT 인증 완료 — memberId: 9e9447a9-3e25-4fcb-b374-8eb5a849bf87
2026-02-28 00:01:05 [http-nio-8083-exec-5] DEBUG org.hibernate.SQL - 
    /* <criteria> */ select
        se1_0.id,
        se1_0.cancel_reason,
        se1_0.cancel_reason_detail,
        se1_0.cancelled_at,
        se1_0.created_at,
        se1_0.current_period_ends_at,
        se1_0.member_id,
        se1_0.next_billing_at,
        se1_0.plan_id,
        se1_0.started_at,
        se1_0.status,
        se1_0.subscription_id,
        se1_0.trial_extension_used,
        se1_0.updated_at 
    from
        lunchpick_payment.subscription se1_0 
    where
        se1_0.member_id=? 
        and se1_0.status=?
2026-02-28 00:01:05 [http-nio-8083-exec-6] DEBUG org.hibernate.SQL - 
    /* <criteria> */ select
        se1_0.id,
        se1_0.cancel_reason,
        se1_0.cancel_reason_detail,
        se1_0.cancelled_at,
        se1_0.created_at,
        se1_0.current_period_ends_at,
        se1_0.member_id,
        se1_0.next_billing_at,
        se1_0.plan_id,
        se1_0.started_at,
        se1_0.status,
        se1_0.subscription_id,
        se1_0.trial_extension_used,
        se1_0.updated_at 
    from
        lunchpick_payment.subscription se1_0 
    where
        se1_0.member_id=? 
        and se1_0.status=?
2026-02-28 00:01:05 [http-nio-8083-exec-6] DEBUG c.u.l.p.s.i.SubscriptionServiceImpl - 구독 플랜 조회 완료 — memberId: 9e9447a9-3e25-4fcb-b374-8eb5a849bf87, currentPlan: FREE
2026-02-28 00:01:15 [http-nio-8083-exec-7] DEBUG c.u.l.p.c.j.JwtAuthenticationFilter - JWT 인증 완료 — memberId: 9e9447a9-3e25-4fcb-b374-8eb5a849bf87
2026-02-28 00:01:15 [http-nio-8083-exec-7] DEBUG org.hibernate.SQL - 
    /* <criteria> */ select
        se1_0.id 
    from
        lunchpick_payment.subscription se1_0 
    where
        se1_0.member_id=? 
        and se1_0.status=? 
    fetch
        first ? rows only
2026-02-28 00:01:15 [http-nio-8083-exec-7] INFO  c.u.l.p.s.i.SubscriptionServiceImpl - PG 결제 요청 — memberId: 9e9447a9-3e25-4fcb-b374-8eb5a849bf87, planId: PREMIUM_MONTHLY, amount: 4900, orderId: be7cd268-1665-40c7-a315-73d09d14d1bd
2026-02-28 00:01:15 [http-nio-8083-exec-7] WARN  c.u.l.payment.pg.MockPgGateway - Mock PG: 만료된 카드 — orderId: be7cd268-1665-40c7-a315-73d09d14d1bd, expiryYear: 2011, expiryMonth: 11
2026-02-28 00:01:15 [http-nio-8083-exec-7] WARN  c.u.l.p.e.GlobalExceptionHandler - 비즈니스 예외 발생 — errorCode: INVALID_PAYMENT_INFO, message: 카드 번호, 유효기간, CVC를 다시 확인해주세요.
2026-02-28 00:01:21 [http-nio-8083-exec-4] DEBUG c.u.l.p.c.j.JwtAuthenticationFilter - JWT 인증 완료 — memberId: 9e9447a9-3e25-4fcb-b374-8eb5a849bf87
2026-02-28 00:01:21 [http-nio-8083-exec-4] DEBUG org.hibernate.SQL - 
    /* <criteria> */ select
        se1_0.id 
    from
        lunchpick_payment.subscription se1_0 
    where
        se1_0.member_id=? 
        and se1_0.status=? 
    fetch
        first ? rows only
2026-02-28 00:01:21 [http-nio-8083-exec-4] INFO  c.u.l.p.s.i.SubscriptionServiceImpl - PG 결제 요청 — memberId: 9e9447a9-3e25-4fcb-b374-8eb5a849bf87, planId: PREMIUM_MONTHLY, amount: 4900, orderId: acdc6970-dea5-45ce-88e7-b6e9997557b7
2026-02-28 00:01:21 [http-nio-8083-exec-4] INFO  c.u.l.payment.pg.MockPgGateway - Mock PG: 결제 승인 완료 — orderId: acdc6970-dea5-45ce-88e7-b6e9997557b7, amount: 4900, pgTransactionId: pg-txn-dd62bf81
2026-02-28 00:01:21 [http-nio-8083-exec-4] DEBUG org.hibernate.SQL - 
    /* insert for
        com.unicorn.lunchpick.payment.repository.entity.PaymentHistoryEntity */insert 
    into
        lunchpick_payment.payment_history (amount, approved_at, auto_renewal_agreed, created_at, error_code, member_id, payment_id, pg_transaction_id, plan_id, requested_at, status, subscription_id, withdrawal_deadline, withdrawal_right_acknowledged) 
    values
        (?, ?, ?, ?, ?, ?, ?, ?, ?, ?, ?, ?, ?, ?)
2026-02-28 00:01:21 [http-nio-8083-exec-4] DEBUG org.hibernate.SQL - 
    /* insert for
        com.unicorn.lunchpick.payment.repository.entity.SubscriptionEntity */insert 
    into
        lunchpick_payment.subscription (cancel_reason, cancel_reason_detail, cancelled_at, created_at, current_period_ends_at, member_id, next_billing_at, plan_id, started_at, status, subscription_id, trial_extension_used, updated_at) 
    values
        (?, ?, ?, ?, ?, ?, ?, ?, ?, ?, ?, ?, ?)
2026-02-28 00:01:21 [http-nio-8083-exec-4] INFO  c.u.l.p.m.SubscriptionEventPublisher - 구독 이벤트 발행 완료 — eventType: SUBSCRIPTION_ACTIVATED, memberId: 9e9447a9-3e25-4fcb-b374-8eb5a849bf87
2026-02-28 00:01:21 [http-nio-8083-exec-4] INFO  c.u.l.p.s.i.SubscriptionServiceImpl - 구독 결제 완료 — memberId: 9e9447a9-3e25-4fcb-b374-8eb5a849bf87, subscriptionId: 7429a576-bc94-4e24-8146-a1df2f6e94db, planId: PREMIUM_MONTHLY
2026-02-28 00:01:21 [http-nio-8083-exec-2] DEBUG c.u.l.p.c.j.JwtAuthenticationFilter - JWT 인증 완료 — memberId: 9e9447a9-3e25-4fcb-b374-8eb5a849bf87
2026-02-28 00:01:21 [http-nio-8083-exec-3] DEBUG c.u.l.p.c.j.JwtAuthenticationFilter - JWT 인증 완료 — memberId: 9e9447a9-3e25-4fcb-b374-8eb5a849bf87
2026-02-28 00:01:21 [http-nio-8083-exec-3] DEBUG org.hibernate.SQL - 
    /* <criteria> */ select
        se1_0.id,
        se1_0.cancel_reason,
        se1_0.cancel_reason_detail,
        se1_0.cancelled_at,
        se1_0.created_at,
        se1_0.current_period_ends_at,
        se1_0.member_id,
        se1_0.next_billing_at,
        se1_0.plan_id,
        se1_0.started_at,
        se1_0.status,
        se1_0.subscription_id,
        se1_0.trial_extension_used,
        se1_0.updated_at 
    from
        lunchpick_payment.subscription se1_0 
    where
        se1_0.member_id=? 
        and se1_0.status=?
2026-02-28 00:01:21 [http-nio-8083-exec-2] DEBUG org.hibernate.SQL - 
    /* <criteria> */ select
        se1_0.id,
        se1_0.cancel_reason,
        se1_0.cancel_reason_detail,
        se1_0.cancelled_at,
        se1_0.created_at,
        se1_0.current_period_ends_at,
        se1_0.member_id,
        se1_0.next_billing_at,
        se1_0.plan_id,
        se1_0.started_at,
        se1_0.status,
        se1_0.subscription_id,
        se1_0.trial_extension_used,
        se1_0.updated_at 
    from
        lunchpick_payment.subscription se1_0 
    where
        se1_0.member_id=? 
        and se1_0.status=?
2026-02-28 00:01:21 [http-nio-8083-exec-2] DEBUG c.u.l.p.s.i.SubscriptionServiceImpl - 구독 플랜 조회 완료 — memberId: 9e9447a9-3e25-4fcb-b374-8eb5a849bf87, currentPlan: PREMIUM_MONTHLY
2026-02-28 00:19:44 [lettuce-nioEventLoop-6-1] INFO  i.l.core.protocol.CommandHandler - null Unexpected exception during request: java.net.SocketException: Connection reset
java.net.SocketException: Connection reset
	at java.base/sun.nio.ch.SocketChannelImpl.throwConnectionReset(SocketChannelImpl.java:401)
	at java.base/sun.nio.ch.SocketChannelImpl.read(SocketChannelImpl.java:434)
	at io.netty.buffer.PooledByteBuf.setBytes(PooledByteBuf.java:255)
	at io.netty.buffer.AbstractByteBuf.writeBytes(AbstractByteBuf.java:1132)
	at io.netty.channel.socket.nio.NioSocketChannel.doReadBytes(NioSocketChannel.java:356)
	at io.netty.channel.nio.AbstractNioByteChannel$NioByteUnsafe.read(AbstractNioByteChannel.java:151)
	at io.netty.channel.nio.NioEventLoop.processSelectedKey(NioEventLoop.java:788)
	at io.netty.channel.nio.NioEventLoop.processSelectedKeysOptimized(NioEventLoop.java:724)
	at io.netty.channel.nio.NioEventLoop.processSelectedKeys(NioEventLoop.java:650)
	at io.netty.channel.nio.NioEventLoop.run(NioEventLoop.java:562)
	at io.netty.util.concurrent.SingleThreadEventExecutor$4.run(SingleThreadEventExecutor.java:997)
	at io.netty.util.internal.ThreadExecutorMap$2.run(ThreadExecutorMap.java:74)
	at io.netty.util.concurrent.FastThreadLocalRunnable.run(FastThreadLocalRunnable.java:30)
	at java.base/java.lang.Thread.run(Thread.java:1583)
2026-02-28 00:19:44 [lettuce-nioEventLoop-6-2] INFO  i.l.core.protocol.CommandHandler - null Unexpected exception during request: java.net.SocketException: Connection reset
java.net.SocketException: Connection reset
	at java.base/sun.nio.ch.SocketChannelImpl.throwConnectionReset(SocketChannelImpl.java:401)
	at java.base/sun.nio.ch.SocketChannelImpl.read(SocketChannelImpl.java:434)
	at io.netty.buffer.PooledByteBuf.setBytes(PooledByteBuf.java:255)
	at io.netty.buffer.AbstractByteBuf.writeBytes(AbstractByteBuf.java:1132)
	at io.netty.channel.socket.nio.NioSocketChannel.doReadBytes(NioSocketChannel.java:356)
	at io.netty.channel.nio.AbstractNioByteChannel$NioByteUnsafe.read(AbstractNioByteChannel.java:151)
	at io.netty.channel.nio.NioEventLoop.processSelectedKey(NioEventLoop.java:788)
	at io.netty.channel.nio.NioEventLoop.processSelectedKeysOptimized(NioEventLoop.java:724)
	at io.netty.channel.nio.NioEventLoop.processSelectedKeys(NioEventLoop.java:650)
	at io.netty.channel.nio.NioEventLoop.run(NioEventLoop.java:562)
	at io.netty.util.concurrent.SingleThreadEventExecutor$4.run(SingleThreadEventExecutor.java:997)
	at io.netty.util.internal.ThreadExecutorMap$2.run(ThreadExecutorMap.java:74)
	at io.netty.util.concurrent.FastThreadLocalRunnable.run(FastThreadLocalRunnable.java:30)
	at java.base/java.lang.Thread.run(Thread.java:1583)
2026-02-28 00:19:44 [lettuce-eventExecutorLoop-1-2] INFO  i.l.core.protocol.ConnectionWatchdog - Reconnecting, last destination was localhost/127.0.0.1:16379
2026-02-28 00:19:44 [lettuce-eventExecutorLoop-1-3] INFO  i.l.core.protocol.ConnectionWatchdog - Reconnecting, last destination was localhost/127.0.0.1:16379
2026-02-28 00:19:44 [lettuce-nioEventLoop-6-3] WARN  i.l.core.protocol.ConnectionWatchdog - Cannot reconnect to [localhost/<unresolved>:16379]: Connection refused: no further information: localhost/127.0.0.1:16379
2026-02-28 00:19:44 [lettuce-nioEventLoop-6-4] WARN  i.l.core.protocol.ConnectionWatchdog - Cannot reconnect to [localhost/<unresolved>:16379]: Connection refused: no further information: localhost/127.0.0.1:16379
2026-02-28 00:19:53 [lettuce-eventExecutorLoop-1-26] INFO  i.l.core.protocol.ConnectionWatchdog - Reconnecting, last destination was localhost/<unresolved>:16379
2026-02-28 00:19:53 [lettuce-eventExecutorLoop-1-27] INFO  i.l.core.protocol.ConnectionWatchdog - Reconnecting, last destination was localhost/<unresolved>:16379
2026-02-28 00:19:53 [lettuce-nioEventLoop-6-28] WARN  i.l.core.protocol.ConnectionWatchdog - Cannot reconnect to [localhost/<unresolved>:16379]: Connection refused: no further information: localhost/127.0.0.1:16379
2026-02-28 00:19:53 [lettuce-nioEventLoop-6-27] WARN  i.l.core.protocol.ConnectionWatchdog - Cannot reconnect to [localhost/<unresolved>:16379]: Connection refused: no further information: localhost/127.0.0.1:16379
2026-02-28 00:20:02 [lettuce-eventExecutorLoop-1-29] INFO  i.l.core.protocol.ConnectionWatchdog - Reconnecting, last destination was localhost/<unresolved>:16379
2026-02-28 00:20:02 [lettuce-eventExecutorLoop-1-28] INFO  i.l.core.protocol.ConnectionWatchdog - Reconnecting, last destination was localhost/<unresolved>:16379
2026-02-28 00:20:02 [lettuce-nioEventLoop-6-30] WARN  i.l.core.protocol.ConnectionWatchdog - Cannot reconnect to [localhost/<unresolved>:16379]: Connection refused: no further information: localhost/127.0.0.1:16379
2026-02-28 00:20:02 [lettuce-nioEventLoop-6-29] WARN  i.l.core.protocol.ConnectionWatchdog - Cannot reconnect to [localhost/<unresolved>:16379]: Connection refused: no further information: localhost/127.0.0.1:16379
2026-02-28 00:20:18 [lettuce-eventExecutorLoop-1-31] INFO  i.l.core.protocol.ConnectionWatchdog - Reconnecting, last destination was localhost/<unresolved>:16379
2026-02-28 00:20:18 [lettuce-eventExecutorLoop-1-30] INFO  i.l.core.protocol.ConnectionWatchdog - Reconnecting, last destination was localhost/<unresolved>:16379
2026-02-28 00:20:18 [lettuce-nioEventLoop-6-31] WARN  i.l.core.protocol.ConnectionWatchdog - Cannot reconnect to [localhost/<unresolved>:16379]: Connection refused: no further information: localhost/127.0.0.1:16379
2026-02-28 00:20:18 [lettuce-nioEventLoop-6-32] WARN  i.l.core.protocol.ConnectionWatchdog - Cannot reconnect to [localhost/<unresolved>:16379]: Connection refused: no further information: localhost/127.0.0.1:16379
2026-02-28 00:20:48 [lettuce-eventExecutorLoop-1-23] INFO  i.l.core.protocol.ConnectionWatchdog - Reconnecting, last destination was localhost/<unresolved>:16379
2026-02-28 00:20:48 [lettuce-eventExecutorLoop-1-22] INFO  i.l.core.protocol.ConnectionWatchdog - Reconnecting, last destination was localhost/<unresolved>:16379
2026-02-28 00:20:48 [lettuce-nioEventLoop-6-1] WARN  i.l.core.protocol.ConnectionWatchdog - Cannot reconnect to [localhost/<unresolved>:16379]: Connection refused: no further information: localhost/127.0.0.1:16379
2026-02-28 00:20:48 [lettuce-nioEventLoop-6-2] WARN  i.l.core.protocol.ConnectionWatchdog - Cannot reconnect to [localhost/<unresolved>:16379]: Connection refused: no further information: localhost/127.0.0.1:16379
2026-02-28 00:21:18 [lettuce-eventExecutorLoop-1-32] INFO  i.l.core.protocol.ConnectionWatchdog - Reconnecting, last destination was localhost/<unresolved>:16379
2026-02-28 00:21:18 [lettuce-eventExecutorLoop-1-1] INFO  i.l.core.protocol.ConnectionWatchdog - Reconnecting, last destination was localhost/<unresolved>:16379
2026-02-28 00:21:18 [lettuce-nioEventLoop-6-4] WARN  i.l.core.protocol.ConnectionWatchdog - Cannot reconnect to [localhost/<unresolved>:16379]: Connection refused: no further information: localhost/127.0.0.1:16379
2026-02-28 00:21:18 [lettuce-nioEventLoop-6-3] WARN  i.l.core.protocol.ConnectionWatchdog - Cannot reconnect to [localhost/<unresolved>:16379]: Connection refused: no further information: localhost/127.0.0.1:16379
2026-02-28 00:21:48 [lettuce-eventExecutorLoop-1-5] INFO  i.l.core.protocol.ConnectionWatchdog - Reconnecting, last destination was localhost/<unresolved>:16379
2026-02-28 00:21:48 [lettuce-eventExecutorLoop-1-4] INFO  i.l.core.protocol.ConnectionWatchdog - Reconnecting, last destination was localhost/<unresolved>:16379
2026-02-28 00:21:48 [lettuce-nioEventLoop-6-5] WARN  i.l.core.protocol.ConnectionWatchdog - Cannot reconnect to [localhost/<unresolved>:16379]: Connection refused: no further information: localhost/127.0.0.1:16379
2026-02-28 00:21:48 [lettuce-nioEventLoop-6-6] WARN  i.l.core.protocol.ConnectionWatchdog - Cannot reconnect to [localhost/<unresolved>:16379]: Connection refused: no further information: localhost/127.0.0.1:16379
2026-02-28 00:22:18 [lettuce-eventExecutorLoop-1-8] INFO  i.l.core.protocol.ConnectionWatchdog - Reconnecting, last destination was localhost/<unresolved>:16379
2026-02-28 00:22:18 [lettuce-eventExecutorLoop-1-9] INFO  i.l.core.protocol.ConnectionWatchdog - Reconnecting, last destination was localhost/<unresolved>:16379
2026-02-28 00:22:18 [lettuce-nioEventLoop-6-7] WARN  i.l.core.protocol.ConnectionWatchdog - Cannot reconnect to [localhost/<unresolved>:16379]: Connection refused: no further information: localhost/127.0.0.1:16379
2026-02-28 00:22:18 [lettuce-nioEventLoop-6-8] WARN  i.l.core.protocol.ConnectionWatchdog - Cannot reconnect to [localhost/<unresolved>:16379]: Connection refused: no further information: localhost/127.0.0.1:16379
2026-02-28 00:22:48 [lettuce-eventExecutorLoop-1-12] INFO  i.l.core.protocol.ConnectionWatchdog - Reconnecting, last destination was localhost/<unresolved>:16379
2026-02-28 00:22:48 [lettuce-eventExecutorLoop-1-13] INFO  i.l.core.protocol.ConnectionWatchdog - Reconnecting, last destination was localhost/<unresolved>:16379
2026-02-28 00:22:48 [lettuce-nioEventLoop-6-9] WARN  i.l.core.protocol.ConnectionWatchdog - Cannot reconnect to [localhost/<unresolved>:16379]: Connection refused: no further information: localhost/127.0.0.1:16379
2026-02-28 00:22:48 [lettuce-nioEventLoop-6-10] WARN  i.l.core.protocol.ConnectionWatchdog - Cannot reconnect to [localhost/<unresolved>:16379]: Connection refused: no further information: localhost/127.0.0.1:16379
2026-02-28 00:23:19 [lettuce-eventExecutorLoop-1-16] INFO  i.l.core.protocol.ConnectionWatchdog - Reconnecting, last destination was localhost/<unresolved>:16379
2026-02-28 00:23:19 [lettuce-eventExecutorLoop-1-17] INFO  i.l.core.protocol.ConnectionWatchdog - Reconnecting, last destination was localhost/<unresolved>:16379
2026-02-28 00:23:19 [lettuce-nioEventLoop-6-12] WARN  i.l.core.protocol.ConnectionWatchdog - Cannot reconnect to [localhost/<unresolved>:16379]: Connection refused: no further information: localhost/127.0.0.1:16379
2026-02-28 00:23:19 [lettuce-nioEventLoop-6-11] WARN  i.l.core.protocol.ConnectionWatchdog - Cannot reconnect to [localhost/<unresolved>:16379]: Connection refused: no further information: localhost/127.0.0.1:16379
2026-02-28 00:23:49 [lettuce-eventExecutorLoop-1-20] INFO  i.l.core.protocol.ConnectionWatchdog - Reconnecting, last destination was localhost/<unresolved>:16379
2026-02-28 00:23:49 [lettuce-eventExecutorLoop-1-21] INFO  i.l.core.protocol.ConnectionWatchdog - Reconnecting, last destination was localhost/<unresolved>:16379
2026-02-28 00:23:49 [lettuce-nioEventLoop-6-13] WARN  i.l.core.protocol.ConnectionWatchdog - Cannot reconnect to [localhost/<unresolved>:16379]: Connection refused: no further information: localhost/127.0.0.1:16379
2026-02-28 00:23:49 [lettuce-nioEventLoop-6-14] WARN  i.l.core.protocol.ConnectionWatchdog - Cannot reconnect to [localhost/<unresolved>:16379]: Connection refused: no further information: localhost/127.0.0.1:16379
2026-02-28 00:24:19 [lettuce-eventExecutorLoop-1-25] INFO  i.l.core.protocol.ConnectionWatchdog - Reconnecting, last destination was localhost/<unresolved>:16379
2026-02-28 00:24:19 [lettuce-eventExecutorLoop-1-24] INFO  i.l.core.protocol.ConnectionWatchdog - Reconnecting, last destination was localhost/<unresolved>:16379
2026-02-28 00:24:19 [lettuce-nioEventLoop-6-15] WARN  i.l.core.protocol.ConnectionWatchdog - Cannot reconnect to [localhost/<unresolved>:16379]: Connection refused: no further information: localhost/127.0.0.1:16379
2026-02-28 00:24:19 [lettuce-nioEventLoop-6-16] WARN  i.l.core.protocol.ConnectionWatchdog - Cannot reconnect to [localhost/<unresolved>:16379]: Connection refused: no further information: localhost/127.0.0.1:16379
2026-02-28 00:24:49 [lettuce-eventExecutorLoop-1-29] INFO  i.l.core.protocol.ConnectionWatchdog - Reconnecting, last destination was localhost/<unresolved>:16379
2026-02-28 00:24:49 [lettuce-eventExecutorLoop-1-28] INFO  i.l.core.protocol.ConnectionWatchdog - Reconnecting, last destination was localhost/<unresolved>:16379
2026-02-28 00:24:49 [lettuce-nioEventLoop-6-17] INFO  i.l.c.protocol.ReconnectionHandler - Reconnected to localhost/<unresolved>:16379
2026-02-28 00:24:49 [lettuce-nioEventLoop-6-18] INFO  i.l.c.protocol.ReconnectionHandler - Reconnected to localhost/<unresolved>:16379
2026-02-28 00:40:51 [http-nio-8083-exec-4] DEBUG c.u.l.p.c.j.JwtAuthenticationFilter - JWT 인증 완료 — memberId: 9e9447a9-3e25-4fcb-b374-8eb5a849bf87
2026-02-28 00:40:51 [http-nio-8083-exec-9] DEBUG c.u.l.p.c.j.JwtAuthenticationFilter - JWT 인증 완료 — memberId: 9e9447a9-3e25-4fcb-b374-8eb5a849bf87
2026-02-28 00:40:51 [http-nio-8083-exec-9] DEBUG org.hibernate.SQL - 
    /* <criteria> */ select
        se1_0.id,
        se1_0.cancel_reason,
        se1_0.cancel_reason_detail,
        se1_0.cancelled_at,
        se1_0.created_at,
        se1_0.current_period_ends_at,
        se1_0.member_id,
        se1_0.next_billing_at,
        se1_0.plan_id,
        se1_0.started_at,
        se1_0.status,
        se1_0.subscription_id,
        se1_0.trial_extension_used,
        se1_0.updated_at 
    from
        lunchpick_payment.subscription se1_0 
    where
        se1_0.member_id=? 
        and se1_0.status=?
2026-02-28 00:40:51 [http-nio-8083-exec-4] DEBUG org.hibernate.SQL - 
    /* <criteria> */ select
        se1_0.id,
        se1_0.cancel_reason,
        se1_0.cancel_reason_detail,
        se1_0.cancelled_at,
        se1_0.created_at,
        se1_0.current_period_ends_at,
        se1_0.member_id,
        se1_0.next_billing_at,
        se1_0.plan_id,
        se1_0.started_at,
        se1_0.status,
        se1_0.subscription_id,
        se1_0.trial_extension_used,
        se1_0.updated_at 
    from
        lunchpick_payment.subscription se1_0 
    where
        se1_0.member_id=? 
        and se1_0.status=?
2026-02-28 00:40:51 [http-nio-8083-exec-4] DEBUG c.u.l.p.s.i.SubscriptionServiceImpl - 구독 플랜 조회 완료 — memberId: 9e9447a9-3e25-4fcb-b374-8eb5a849bf87, currentPlan: PREMIUM_MONTHLY
2026-02-28 00:40:54 [http-nio-8083-exec-10] DEBUG c.u.l.p.c.j.JwtAuthenticationFilter - JWT 인증 완료 — memberId: 9e9447a9-3e25-4fcb-b374-8eb5a849bf87
2026-02-28 00:40:54 [http-nio-8083-exec-10] DEBUG org.hibernate.SQL - 
    /* <criteria> */ select
        se1_0.id,
        se1_0.cancel_reason,
        se1_0.cancel_reason_detail,
        se1_0.cancelled_at,
        se1_0.created_at,
        se1_0.current_period_ends_at,
        se1_0.member_id,
        se1_0.next_billing_at,
        se1_0.plan_id,
        se1_0.started_at,
        se1_0.status,
        se1_0.subscription_id,
        se1_0.trial_extension_used,
        se1_0.updated_at 
    from
        lunchpick_payment.subscription se1_0 
    where
        se1_0.subscription_id=? 
        and se1_0.member_id=?
2026-02-28 00:40:54 [http-nio-8083-exec-10] INFO  c.u.l.p.m.SubscriptionEventPublisher - 구독 이벤트 발행 완료 — eventType: SUBSCRIPTION_PENDING_CANCEL, memberId: 9e9447a9-3e25-4fcb-b374-8eb5a849bf87
2026-02-28 00:40:54 [http-nio-8083-exec-10] INFO  c.u.l.p.s.i.SubscriptionServiceImpl - 구독 해지 예약 완료 — memberId: 9e9447a9-3e25-4fcb-b374-8eb5a849bf87, subscriptionId: 7429a576-bc94-4e24-8146-a1df2f6e94db, reason: COST
2026-02-28 00:40:54 [http-nio-8083-exec-10] DEBUG org.hibernate.SQL - 
    /* update
        for com.unicorn.lunchpick.payment.repository.entity.SubscriptionEntity */update lunchpick_payment.subscription 
    set
        cancel_reason=?,
        cancel_reason_detail=?,
        cancelled_at=?,
        current_period_ends_at=?,
        member_id=?,
        next_billing_at=?,
        plan_id=?,
        started_at=?,
        status=?,
        subscription_id=?,
        trial_extension_used=?,
        updated_at=? 
    where
        id=?
2026-02-28 00:40:54 [http-nio-8083-exec-2] DEBUG c.u.l.p.c.j.JwtAuthenticationFilter - JWT 인증 완료 — memberId: 9e9447a9-3e25-4fcb-b374-8eb5a849bf87
2026-02-28 00:40:54 [http-nio-8083-exec-3] DEBUG c.u.l.p.c.j.JwtAuthenticationFilter - JWT 인증 완료 — memberId: 9e9447a9-3e25-4fcb-b374-8eb5a849bf87
2026-02-28 00:40:54 [http-nio-8083-exec-2] DEBUG org.hibernate.SQL - 
    /* <criteria> */ select
        se1_0.id,
        se1_0.cancel_reason,
        se1_0.cancel_reason_detail,
        se1_0.cancelled_at,
        se1_0.created_at,
        se1_0.current_period_ends_at,
        se1_0.member_id,
        se1_0.next_billing_at,
        se1_0.plan_id,
        se1_0.started_at,
        se1_0.status,
        se1_0.subscription_id,
        se1_0.trial_extension_used,
        se1_0.updated_at 
    from
        lunchpick_payment.subscription se1_0 
    where
        se1_0.member_id=? 
        and se1_0.status=?
2026-02-28 00:40:54 [http-nio-8083-exec-3] DEBUG c.u.l.p.s.i.SubscriptionServiceImpl - 구독 플랜 캐시 히트
2026-02-28 00:40:59 [http-nio-8083-exec-8] DEBUG c.u.l.p.c.j.JwtAuthenticationFilter - JWT 인증 완료 — memberId: 9e9447a9-3e25-4fcb-b374-8eb5a849bf87
2026-02-28 00:40:59 [http-nio-8083-exec-7] DEBUG c.u.l.p.c.j.JwtAuthenticationFilter - JWT 인증 완료 — memberId: 9e9447a9-3e25-4fcb-b374-8eb5a849bf87
2026-02-28 00:40:59 [http-nio-8083-exec-7] DEBUG c.u.l.p.s.i.SubscriptionServiceImpl - 구독 플랜 캐시 히트
2026-02-28 00:40:59 [http-nio-8083-exec-8] DEBUG org.hibernate.SQL - 
    /* <criteria> */ select
        se1_0.id,
        se1_0.cancel_reason,
        se1_0.cancel_reason_detail,
        se1_0.cancelled_at,
        se1_0.created_at,
        se1_0.current_period_ends_at,
        se1_0.member_id,
        se1_0.next_billing_at,
        se1_0.plan_id,
        se1_0.started_at,
        se1_0.status,
        se1_0.subscription_id,
        se1_0.trial_extension_used,
        se1_0.updated_at 
    from
        lunchpick_payment.subscription se1_0 
    where
        se1_0.member_id=? 
        and se1_0.status=?
2026-02-28 00:41:12 [http-nio-8083-exec-4] DEBUG c.u.l.p.c.j.JwtAuthenticationFilter - JWT 인증 완료 — memberId: 9e9447a9-3e25-4fcb-b374-8eb5a849bf87
2026-02-28 00:41:12 [http-nio-8083-exec-4] DEBUG org.hibernate.SQL - 
    /* <criteria> */ select
        se1_0.id,
        se1_0.cancel_reason,
        se1_0.cancel_reason_detail,
        se1_0.cancelled_at,
        se1_0.created_at,
        se1_0.current_period_ends_at,
        se1_0.member_id,
        se1_0.next_billing_at,
        se1_0.plan_id,
        se1_0.started_at,
        se1_0.status,
        se1_0.subscription_id,
        se1_0.trial_extension_used,
        se1_0.updated_at 
    from
        lunchpick_payment.subscription se1_0 
    where
        se1_0.member_id=? 
        and se1_0.status=?
2026-02-28 00:41:12 [http-nio-8083-exec-4] WARN  c.u.l.p.e.GlobalExceptionHandler - 비즈니스 예외 발생 — errorCode: SUBSCRIPTION_NOT_FOUND, message: 활성 구독 정보를 찾을 수 없습니다.
2026-02-28 00:41:18 [http-nio-8083-exec-3] DEBUG c.u.l.p.c.j.JwtAuthenticationFilter - JWT 인증 완료 — memberId: 9e9447a9-3e25-4fcb-b374-8eb5a849bf87
2026-02-28 00:41:18 [http-nio-8083-exec-2] DEBUG c.u.l.p.c.j.JwtAuthenticationFilter - JWT 인증 완료 — memberId: 9e9447a9-3e25-4fcb-b374-8eb5a849bf87
2026-02-28 00:41:18 [http-nio-8083-exec-3] DEBUG c.u.l.p.s.i.SubscriptionServiceImpl - 구독 플랜 캐시 히트
2026-02-28 00:41:18 [http-nio-8083-exec-2] DEBUG org.hibernate.SQL - 
    /* <criteria> */ select
        se1_0.id,
        se1_0.cancel_reason,
        se1_0.cancel_reason_detail,
        se1_0.cancelled_at,
        se1_0.created_at,
        se1_0.current_period_ends_at,
        se1_0.member_id,
        se1_0.next_billing_at,
        se1_0.plan_id,
        se1_0.started_at,
        se1_0.status,
        se1_0.subscription_id,
        se1_0.trial_extension_used,
        se1_0.updated_at 
    from
        lunchpick_payment.subscription se1_0 
    where
        se1_0.member_id=? 
        and se1_0.status=?
2026-02-28 00:41:20 [http-nio-8083-exec-6] DEBUG c.u.l.p.c.j.JwtAuthenticationFilter - JWT 인증 완료 — memberId: 9e9447a9-3e25-4fcb-b374-8eb5a849bf87
2026-02-28 00:41:20 [http-nio-8083-exec-5] DEBUG c.u.l.p.c.j.JwtAuthenticationFilter - JWT 인증 완료 — memberId: 9e9447a9-3e25-4fcb-b374-8eb5a849bf87
2026-02-28 00:41:20 [http-nio-8083-exec-6] DEBUG org.hibernate.SQL - 
    /* <criteria> */ select
        se1_0.id,
        se1_0.cancel_reason,
        se1_0.cancel_reason_detail,
        se1_0.cancelled_at,
        se1_0.created_at,
        se1_0.current_period_ends_at,
        se1_0.member_id,
        se1_0.next_billing_at,
        se1_0.plan_id,
        se1_0.started_at,
        se1_0.status,
        se1_0.subscription_id,
        se1_0.trial_extension_used,
        se1_0.updated_at 
    from
        lunchpick_payment.subscription se1_0 
    where
        se1_0.member_id=? 
        and se1_0.status=?
2026-02-28 00:41:20 [http-nio-8083-exec-5] DEBUG c.u.l.p.s.i.SubscriptionServiceImpl - 구독 플랜 캐시 히트
2026-02-28 00:44:27 [http-nio-8083-exec-1] DEBUG c.u.l.p.c.j.JwtAuthenticationFilter - JWT 인증 완료 — memberId: 9e9447a9-3e25-4fcb-b374-8eb5a849bf87
2026-02-28 00:44:27 [http-nio-8083-exec-10] DEBUG c.u.l.p.c.j.JwtAuthenticationFilter - JWT 인증 완료 — memberId: 9e9447a9-3e25-4fcb-b374-8eb5a849bf87
2026-02-28 00:44:27 [http-nio-8083-exec-1] DEBUG org.hibernate.SQL - 
    /* <criteria> */ select
        se1_0.id,
        se1_0.cancel_reason,
        se1_0.cancel_reason_detail,
        se1_0.cancelled_at,
        se1_0.created_at,
        se1_0.current_period_ends_at,
        se1_0.member_id,
        se1_0.next_billing_at,
        se1_0.plan_id,
        se1_0.started_at,
        se1_0.status,
        se1_0.subscription_id,
        se1_0.trial_extension_used,
        se1_0.updated_at 
    from
        lunchpick_payment.subscription se1_0 
    where
        se1_0.member_id=? 
        and se1_0.status=?
2026-02-28 00:44:27 [http-nio-8083-exec-10] DEBUG c.u.l.p.s.i.SubscriptionServiceImpl - 구독 플랜 캐시 히트
2026-02-28 00:46:44 [http-nio-8083-exec-6] DEBUG c.u.l.p.c.j.JwtAuthenticationFilter - JWT 인증 완료 — memberId: 9e9447a9-3e25-4fcb-b374-8eb5a849bf87
2026-02-28 00:46:44 [http-nio-8083-exec-6] DEBUG org.hibernate.SQL - 
    /* <criteria> */ select
        se1_0.id 
    from
        lunchpick_payment.subscription se1_0 
    where
        se1_0.member_id=? 
        and se1_0.status=? 
    fetch
        first ? rows only
2026-02-28 00:46:44 [http-nio-8083-exec-6] INFO  c.u.l.p.s.i.SubscriptionServiceImpl - PG 결제 요청 — memberId: 9e9447a9-3e25-4fcb-b374-8eb5a849bf87, planId: PREMIUM_MONTHLY, amount: 4900, orderId: 1fc9bf11-b1f2-4b4e-979a-c78a98cd039d
2026-02-28 00:46:44 [http-nio-8083-exec-6] INFO  c.u.l.payment.pg.MockPgGateway - Mock PG: 결제 승인 완료 — orderId: 1fc9bf11-b1f2-4b4e-979a-c78a98cd039d, amount: 4900, pgTransactionId: pg-txn-d0fe84f9
2026-02-28 00:46:44 [http-nio-8083-exec-6] DEBUG org.hibernate.SQL - 
    /* insert for
        com.unicorn.lunchpick.payment.repository.entity.PaymentHistoryEntity */insert 
    into
        lunchpick_payment.payment_history (amount, approved_at, auto_renewal_agreed, created_at, error_code, member_id, payment_id, pg_transaction_id, plan_id, requested_at, status, subscription_id, withdrawal_deadline, withdrawal_right_acknowledged) 
    values
        (?, ?, ?, ?, ?, ?, ?, ?, ?, ?, ?, ?, ?, ?)
2026-02-28 00:46:44 [http-nio-8083-exec-6] DEBUG org.hibernate.SQL - 
    /* insert for
        com.unicorn.lunchpick.payment.repository.entity.SubscriptionEntity */insert 
    into
        lunchpick_payment.subscription (cancel_reason, cancel_reason_detail, cancelled_at, created_at, current_period_ends_at, member_id, next_billing_at, plan_id, started_at, status, subscription_id, trial_extension_used, updated_at) 
    values
        (?, ?, ?, ?, ?, ?, ?, ?, ?, ?, ?, ?, ?)
2026-02-28 00:46:44 [http-nio-8083-exec-6] INFO  c.u.l.p.m.SubscriptionEventPublisher - 구독 이벤트 발행 완료 — eventType: SUBSCRIPTION_ACTIVATED, memberId: 9e9447a9-3e25-4fcb-b374-8eb5a849bf87
2026-02-28 00:46:44 [http-nio-8083-exec-6] INFO  c.u.l.p.s.i.SubscriptionServiceImpl - 구독 결제 완료 — memberId: 9e9447a9-3e25-4fcb-b374-8eb5a849bf87, subscriptionId: 2f0bc045-ce93-47da-bcc3-49de4b9b2d55, planId: PREMIUM_MONTHLY
2026-02-28 00:46:44 [http-nio-8083-exec-9] DEBUG c.u.l.p.c.j.JwtAuthenticationFilter - JWT 인증 완료 — memberId: 9e9447a9-3e25-4fcb-b374-8eb5a849bf87
2026-02-28 00:46:44 [http-nio-8083-exec-4] DEBUG c.u.l.p.c.j.JwtAuthenticationFilter - JWT 인증 완료 — memberId: 9e9447a9-3e25-4fcb-b374-8eb5a849bf87
2026-02-28 00:46:44 [http-nio-8083-exec-4] DEBUG org.hibernate.SQL - 
    /* <criteria> */ select
        se1_0.id,
        se1_0.cancel_reason,
        se1_0.cancel_reason_detail,
        se1_0.cancelled_at,
        se1_0.created_at,
        se1_0.current_period_ends_at,
        se1_0.member_id,
        se1_0.next_billing_at,
        se1_0.plan_id,
        se1_0.started_at,
        se1_0.status,
        se1_0.subscription_id,
        se1_0.trial_extension_used,
        se1_0.updated_at 
    from
        lunchpick_payment.subscription se1_0 
    where
        se1_0.member_id=? 
        and se1_0.status=?
2026-02-28 00:46:44 [http-nio-8083-exec-9] DEBUG org.hibernate.SQL - 
    /* <criteria> */ select
        se1_0.id,
        se1_0.cancel_reason,
        se1_0.cancel_reason_detail,
        se1_0.cancelled_at,
        se1_0.created_at,
        se1_0.current_period_ends_at,
        se1_0.member_id,
        se1_0.next_billing_at,
        se1_0.plan_id,
        se1_0.started_at,
        se1_0.status,
        se1_0.subscription_id,
        se1_0.trial_extension_used,
        se1_0.updated_at 
    from
        lunchpick_payment.subscription se1_0 
    where
        se1_0.member_id=? 
        and se1_0.status=?
2026-02-28 00:46:44 [http-nio-8083-exec-9] DEBUG c.u.l.p.s.i.SubscriptionServiceImpl - 구독 플랜 조회 완료 — memberId: 9e9447a9-3e25-4fcb-b374-8eb5a849bf87, currentPlan: PREMIUM_MONTHLY
2026-02-28 04:14:02 [HikariPool-1 housekeeper] WARN  com.zaxxer.hikari.pool.HikariPool - HikariPool-1 - Thread starvation or clock leap detected (housekeeper delta=1h20m49s15ms946µs800ns).
