
> frontend@0.1.0 predev
> bash ../tools/generate-runtime-env.sh

OK: /c/Users/hiond/workspace/lunch-menu-recommender/frontend/public/runtime-env.js 생성 완료

> frontend@0.1.0 dev
> next dev

▲ Next.js 16.1.6 (Turbopack)
- Local:         http://localhost:3000
- Network:       http://172.26.240.1:3000

✓ Starting...
✓ Ready in 1019ms
 GET / 200 in 398ms (compile: 273ms, render: 125ms)
 GET / 200 in 46ms (compile: 7ms, render: 39ms)
 GET /flutter_service_worker.js?v=null 404 in 159ms (compile: 103ms, render: 57ms)
 GET /login 200 in 89ms (compile: 65ms, render: 25ms)
 GET /login?code=Il_ln81QqQks9oAqcWuKbZ203trYFYlLVPZqXzIprY-aegUH0R_JnwAAAAQKDRtZAAABnJ7e9o9HueF-5ScOZw 200 in 41ms (compile: 3ms, render: 38ms)
 GET /flutter_service_worker.js?v=null 404 in 23ms (compile: 4ms, render: 19ms)
 GET /login?code=Il_ln81QqQks9oAqcWuKbZ203trYFYlLVPZqXzIprY-aegUH0R_JnwAAAAQKDRtZAAABnJ7e9o9HueF-5ScOZw 200 in 47ms (compile: 3ms, render: 44ms)
 GET /flutter_service_worker.js?v=null 404 in 20ms (compile: 3ms, render: 17ms)
 GET /login?code=Il_ln81QqQks9oAqcWuKbZ203trYFYlLVPZqXzIprY-aegUH0R_JnwAAAAQKDRtZAAABnJ7e9o9HueF-5ScOZw 200 in 38ms (compile: 3ms, render: 35ms)
 GET /login?code=Il_ln81QqQks9oAqcWuKbZ203trYFYlLVPZqXzIprY-aegUH0R_JnwAAAAQKDRtZAAABnJ7e9o9HueF-5ScOZw 200 in 35ms (compile: 3ms, render: 32ms)
 GET /flutter_service_worker.js?v=null 404 in 21ms (compile: 3ms, render: 18ms)
 GET /login?code=Il_ln81QqQks9oAqcWuKbZ203trYFYlLVPZqXzIprY-aegUH0R_JnwAAAAQKDRtZAAABnJ7e9o9HueF-5ScOZw 200 in 35ms (compile: 4ms, render: 31ms)
 GET /login?code=Il_ln81QqQks9oAqcWuKbZ203trYFYlLVPZqXzIprY-aegUH0R_JnwAAAAQKDRtZAAABnJ7e9o9HueF-5ScOZw 200 in 38ms (compile: 2ms, render: 36ms)
 GET /flutter_service_worker.js?v=null 404 in 43ms (compile: 4ms, render: 39ms)
 GET /login?code=Il_ln81QqQks9oAqcWuKbZ203trYFYlLVPZqXzIprY-aegUH0R_JnwAAAAQKDRtZAAABnJ7e9o9HueF-5ScOZw 200 in 33ms (compile: 2ms, render: 30ms)
 GET /login?code=Il_ln81QqQks9oAqcWuKbZ203trYFYlLVPZqXzIprY-aegUH0R_JnwAAAAQKDRtZAAABnJ7e9o9HueF-5ScOZw 200 in 34ms (compile: 3ms, render: 31ms)
 GET /login?code=Il_ln81QqQks9oAqcWuKbZ203trYFYlLVPZqXzIprY-aegUH0R_JnwAAAAQKDRtZAAABnJ7e9o9HueF-5ScOZw 200 in 34ms (compile: 3ms, render: 31ms)
 GET /login?code=Il_ln81QqQks9oAqcWuKbZ203trYFYlLVPZqXzIprY-aegUH0R_JnwAAAAQKDRtZAAABnJ7e9o9HueF-5ScOZw 200 in 48ms (compile: 3ms, render: 45ms)
 GET /login?code=Il_ln81QqQks9oAqcWuKbZ203trYFYlLVPZqXzIprY-aegUH0R_JnwAAAAQKDRtZAAABnJ7e9o9HueF-5ScOZw 200 in 34ms (compile: 3ms, render: 31ms)
 GET /flutter_service_worker.js?v=null 404 in 32ms (compile: 7ms, render: 25ms)
 GET /login?code=Il_ln81QqQks9oAqcWuKbZ203trYFYlLVPZqXzIprY-aegUH0R_JnwAAAAQKDRtZAAABnJ7e9o9HueF-5ScOZw 200 in 45ms (compile: 3ms, render: 41ms)
 GET /login?code=Il_ln81QqQks9oAqcWuKbZ203trYFYlLVPZqXzIprY-aegUH0R_JnwAAAAQKDRtZAAABnJ7e9o9HueF-5ScOZw 200 in 47ms (compile: 4ms, render: 43ms)
 GET /login?code=Il_ln81QqQks9oAqcWuKbZ203trYFYlLVPZqXzIprY-aegUH0R_JnwAAAAQKDRtZAAABnJ7e9o9HueF-5ScOZw 200 in 52ms (compile: 2ms, render: 50ms)
 GET /login?code=Il_ln81QqQks9oAqcWuKbZ203trYFYlLVPZqXzIprY-aegUH0R_JnwAAAAQKDRtZAAABnJ7e9o9HueF-5ScOZw 200 in 43ms (compile: 1922µs, render: 41ms)
 GET /flutter_service_worker.js?v=null 404 in 20ms (compile: 3ms, render: 17ms)
 GET /login 200 in 49ms (compile: 3ms, render: 46ms)
 GET /flutter_service_worker.js?v=null 404 in 20ms (compile: 4ms, render: 17ms)
 GET /login?code=23T8Uit-kAYBwHdKrahcKf-l6I0bgZiMKJQemil7sg6NCpOhyZ0ciQAAAAQKFxKWAAABnJ7iEv5V7imzm104lw 200 in 25ms (compile: 2ms, render: 23ms)
 GET /home 200 in 39ms (compile: 26ms, render: 13ms)
 GET /flutter_service_worker.js?v=null 404 in 23ms (compile: 3ms, render: 20ms)
 GET /insights 200 in 37ms (compile: 23ms, render: 14ms)
 GET /home 200 in 20ms (compile: 3ms, render: 17ms)
 GET /home 200 in 15ms (compile: 3ms, render: 12ms)
✓ Compiled in 302ms
✓ Compiled in 48ms
✓ Compiled in 22ms
 GET /insights 200 in 98ms (compile: 72ms, render: 27ms)
 GET /insights?tab=insight 200 in 23ms (compile: 4ms, render: 19ms)
 GET /profile 200 in 62ms (compile: 49ms, render: 14ms)
 GET /insights?tab=insight 200 in 12ms (compile: 2ms, render: 10ms)
 GET /profile 200 in 21ms (compile: 4ms, render: 17ms)
 GET /home 200 in 69ms (compile: 53ms, render: 16ms)
 GET /home 200 in 159ms (compile: 4ms, render: 155ms)
 GET /flutter_service_worker.js?v=null 404 in 24ms (compile: 5ms, render: 20ms)
 GET /home 200 in 50ms (compile: 3ms, render: 47ms)
 GET /home 200 in 44ms (compile: 2ms, render: 42ms)
 GET /flutter_service_worker.js?v=null 404 in 21ms (compile: 3ms, render: 18ms)
 GET /home 200 in 47ms (compile: 3ms, render: 44ms)
 GET /flutter_service_worker.js?v=null 404 in 20ms (compile: 3ms, render: 17ms)
 GET /home 200 in 50ms (compile: 3ms, render: 47ms)
 GET /flutter_service_worker.js?v=null 404 in 22ms (compile: 3ms, render: 19ms)
✓ Compiled in 23ms
✓ Compiled in 20ms
 GET /home 200 in 198ms (compile: 74ms, render: 123ms)
 GET /flutter_service_worker.js?v=null 404 in 22ms (compile: 3ms, render: 20ms)
 GET /home 200 in 46ms (compile: 3ms, render: 43ms)
 GET /flutter_service_worker.js?v=null 404 in 26ms (compile: 5ms, render: 21ms)
 GET /home 200 in 38ms (compile: 2ms, render: 35ms)
 GET /flutter_service_worker.js?v=null 404 in 22ms (compile: 3ms, render: 18ms)
 GET /home 200 in 61ms (compile: 4ms, render: 57ms)
 GET /flutter_service_worker.js?v=null 404 in 22ms (compile: 3ms, render: 18ms)
 GET /home 200 in 39ms (compile: 1979µs, render: 37ms)
 GET /flutter_service_worker.js?v=null 404 in 20ms (compile: 4ms, render: 17ms)
 GET /profile 200 in 16ms (compile: 1822µs, render: 14ms)
 GET /login 200 in 23ms (compile: 4ms, render: 19ms)
 GET /login?code=HbU7ylCmRj8by24wnOM_3By_XdAjlRYCcZu8SyvWeU-3QIVm25x1XAAAAAQKDQxeAAABnJ8C63TgLMgnBn6ZSw 200 in 27ms (compile: 1638µs, render: 25ms)
 GET /home 200 in 11ms (compile: 1565µs, render: 9ms)
 GET /flutter_service_worker.js?v=null 404 in 23ms (compile: 3ms, render: 20ms)
 GET /insights 200 in 12ms (compile: 1963µs, render: 10ms)
 GET /subscription 200 in 75ms (compile: 60ms, render: 16ms)
 GET /home 200 in 12ms (compile: 2ms, render: 10ms)
 GET /navigation?name=%EC%95%84%ED%98%84%EB%8B%AD%EA%B3%B0%ED%83%95&address=&restaurantId=1068527313&recId=43c391fc-fda3-442f-9552-b9972567267e 200 in 70ms (compile: 56ms, render: 14ms)
 GET /meal-record?name=%EC%95%84%ED%98%84%EB%8B%AD%EA%B3%B0%ED%83%95&restaurantId=1068527313&recId=43c391fc-fda3-442f-9552-b9972567267e 200 in 82ms (compile: 61ms, render: 21ms)
 GET /home 200 in 22ms (compile: 3ms, render: 18ms)
 GET /home 200 in 37ms (compile: 2ms, render: 35ms)
 GET /flutter_service_worker.js?v=null 404 in 21ms (compile: 4ms, render: 18ms)
 GET /home 200 in 36ms (compile: 1630µs, render: 34ms)
 GET /home 200 in 60ms (compile: 4ms, render: 56ms)
 GET /home 200 in 35ms (compile: 1878µs, render: 33ms)
 GET /flutter_service_worker.js?v=null 404 in 20ms (compile: 4ms, render: 16ms)
 GET /flutter_service_worker.js?v=null 404 in 19ms (compile: 2ms, render: 16ms)
 GET /profile 200 in 16ms (compile: 3ms, render: 13ms)
 GET /login 200 in 21ms (compile: 2ms, render: 18ms)
 GET /login?code=mRZuljAVX_D3yQ5-Gaf_xJFuzM00bPzvsy7WqF-qXyqvfYnUTgN04QAAAAQKDSKZAAABnJ8Kv5KYFzyUYZmfhQ 200 in 25ms (compile: 1655µs, render: 24ms)
 GET /home 200 in 12ms (compile: 1600µs, render: 10ms)
 GET /flutter_service_worker.js?v=null 404 in 19ms (compile: 3ms, render: 16ms)
 GET /home 200 in 40ms (compile: 2ms, render: 38ms)
 GET /flutter_service_worker.js?v=null 404 in 32ms (compile: 5ms, render: 28ms)
 GET /home 200 in 56ms (compile: 3ms, render: 53ms)
 GET /flutter_service_worker.js?v=null 404 in 20ms (compile: 3ms, render: 17ms)
 GET /home 200 in 27ms (compile: 1741µs, render: 25ms)
 GET /flutter_service_worker.js?v=null 404 in 26ms (compile: 3ms, render: 23ms)
 GET /profile 200 in 18ms (compile: 1836µs, render: 16ms)
 GET /home 200 in 20ms (compile: 1870µs, render: 18ms)
 GET /insights 200 in 27ms (compile: 4ms, render: 24ms)
 GET /home 200 in 21ms (compile: 3ms, render: 18ms)
✓ Compiled in 23ms
 GET /home 200 in 195ms (compile: 66ms, render: 129ms)
 GET /flutter_service_worker.js?v=null 404 in 23ms (compile: 5ms, render: 18ms)
 GET /home 200 in 41ms (compile: 2ms, render: 39ms)
 GET /flutter_service_worker.js?v=null 404 in 22ms (compile: 4ms, render: 19ms)
 GET / 200 in 21ms (compile: 3ms, render: 19ms)
 GET / 200 in 55ms (compile: 4ms, render: 51ms)
 GET /login 200 in 17ms (compile: 1754µs, render: 15ms)
 GET /login?code=-D6petBXXy3pAWQRW1wiIakf-i6HV_g4hgNeIUl5-EgKwecONSStQwAAAAQKDQgeAAABnJ8eC2QFVMIyByjmyg 200 in 26ms (compile: 1763µs, render: 24ms)
 GET /home 200 in 14ms (compile: 1754µs, render: 12ms)
✓ Compiled in 27ms
 GET /home 200 in 169ms (compile: 56ms, render: 114ms)
 GET /home 200 in 33ms (compile: 3ms, render: 31ms)
 GET /home 200 in 31ms (compile: 2ms, render: 29ms)
 GET /navigation?name=%EB%A7%88%EB%9D%BC%EA%B3%B5%EB%B0%A9+%EC%95%84%ED%98%84%EC%A0%90&address=&restaurantId=339184335&recId=dafdf0ea-a74b-4753-b05b-3b37466f86af 200 in 16ms (compile: 2ms, render: 14ms)
✓ Compiled in 26ms
 GET /navigation?name=%EB%A7%88%EB%9D%BC%EA%B3%B5%EB%B0%A9%20%EC%95%84%ED%98%84%EC%A0%90&address=&restaurantId=339184335&recId=dafdf0ea-a74b-4753-b05b-3b37466f86af 200 in 163ms (compile: 55ms, render: 108ms)
✓ Compiled in 22ms
✓ Compiled in 26ms
 GET /navigation?name=%EB%A7%88%EB%9D%BC%EA%B3%B5%EB%B0%A9%20%EC%95%84%ED%98%84%EC%A0%90&address=&restaurantId=339184335&recId=test 200 in 182ms (compile: 58ms, render: 124ms)
 GET /navigation?name=%EB%A7%88%EB%9D%BC%EA%B3%B5%EB%B0%A9%20%EC%95%84%ED%98%84%EC%A0%90&address=&restaurantId=339184335&recId=test 200 in 27ms (compile: 2ms, render: 25ms)
 GET /navigation?name=%EB%A7%88%EB%9D%BC%EA%B3%B5%EB%B0%A9%20%EC%95%84%ED%98%84%EC%A0%90&address=&restaurantId=339184335&recId=test 200 in 40ms (compile: 3ms, render: 37ms)
 GET /meal-record?name=%EB%A7%88%EB%9D%BC%EA%B3%B5%EB%B0%A9+%EC%95%84%ED%98%84%EC%A0%90&restaurantId=339184335&recId=test 200 in 90ms (compile: 73ms, render: 18ms)
 GET /home 200 in 179ms (compile: 55ms, render: 124ms)
 GET /navigation?name=%EB%A7%88%EB%9D%BC%EA%B3%B5%EB%B0%A9+%EC%95%84%ED%98%84%EC%A0%90&address=&restaurantId=339184335&recId=dafdf0ea-a74b-4753-b05b-3b37466f86af 200 in 15ms (compile: 3ms, render: 12ms)
 GET /meal-record?name=%EB%A7%88%EB%9D%BC%EA%B3%B5%EB%B0%A9+%EC%95%84%ED%98%84%EC%A0%90&restaurantId=339184335&recId=dafdf0ea-a74b-4753-b05b-3b37466f86af 200 in 12ms (compile: 1895µs, render: 10ms)
✓ Compiled in 22ms
✓ Compiled in 20ms
 GET /login 200 in 263ms (compile: 81ms, render: 182ms)
 GET /home 200 in 73ms (compile: 52ms, render: 21ms)
 GET /profile 200 in 80ms (compile: 63ms, render: 17ms)
 GET /login 200 in 24ms (compile: 2ms, render: 22ms)
 GET /login?code=HnlidF2OlvMuQWZGssso9R-x2vSUp9BC7Y77_rba_BWmaLcMUR4HEQAAAAQKDSAbAAABnJ86iL4WphHJzwXJqw 200 in 29ms (compile: 1393µs, render: 28ms)
 GET /home 200 in 18ms (compile: 1572µs, render: 16ms)
 GET /navigation?name=%EB%A7%88%EB%9D%BC%EA%B3%B5%EB%B0%A9+%EC%95%84%ED%98%84%EC%A0%90&address=&restaurantId=339184335&recId=dafdf0ea-a74b-4753-b05b-3b37466f86af 200 in 83ms (compile: 66ms, render: 17ms)
 GET /meal-record?name=%EB%A7%88%EB%9D%BC%EA%B3%B5%EB%B0%A9+%EC%95%84%ED%98%84%EC%A0%90&restaurantId=339184335&recId=dafdf0ea-a74b-4753-b05b-3b37466f86af 200 in 102ms (compile: 80ms, render: 23ms)
 GET /home 200 in 21ms (compile: 4ms, render: 18ms)
 GET /navigation?name=%EC%98%A4%EB%A7%88%EC%9D%B4%EB%A1%A4+%EA%B3%B5%EB%8D%95%EB%B3%B8%EC%A0%90&address=&restaurantId=1188153216&recId=58912972-584c-4a92-affe-a90d2e5d468a 200 in 14ms (compile: 3ms, render: 11ms)
 GET /meal-record?name=%EC%98%A4%EB%A7%88%EC%9D%B4%EB%A1%A4+%EA%B3%B5%EB%8D%95%EB%B3%B8%EC%A0%90&restaurantId=1188153216&recId=58912972-584c-4a92-affe-a90d2e5d468a 200 in 21ms (compile: 3ms, render: 18ms)
 GET /home 200 in 14ms (compile: 2ms, render: 12ms)
 GET /navigation?name=%EC%9D%BC%EB%A7%8C%EC%A1%B1%EB%B0%9C+%EB%A7%88%ED%8F%AC%EB%B3%B8%EC%A0%90&address=&restaurantId=1954966400&recId=93fb0317-2e1f-43ca-a2ad-75b7af416dff 200 in 23ms (compile: 1907µs, render: 22ms)
 GET /meal-record?name=%EC%9D%BC%EB%A7%8C%EC%A1%B1%EB%B0%9C+%EB%A7%88%ED%8F%AC%EB%B3%B8%EC%A0%90&restaurantId=1954966400&recId=93fb0317-2e1f-43ca-a2ad-75b7af416dff 200 in 13ms (compile: 1962µs, render: 12ms)
✓ Compiled in 21ms
 GET /insights 200 in 125ms (compile: 99ms, render: 26ms)
 GET /home 200 in 14ms (compile: 1728µs, render: 12ms)
 GET /navigation?name=%EB%A7%88%EB%9D%BC%EA%B3%B5%EB%B0%A9+%EC%95%84%ED%98%84%EC%A0%90&address=&restaurantId=339184335&recId=dafdf0ea-a74b-4753-b05b-3b37466f86af 200 in 12ms (compile: 1771µs, render: 10ms)
 GET /meal-record?name=%EB%A7%88%EB%9D%BC%EA%B3%B5%EB%B0%A9+%EC%95%84%ED%98%84%EC%A0%90&restaurantId=339184335&recId=dafdf0ea-a74b-4753-b05b-3b37466f86af 200 in 81ms (compile: 56ms, render: 24ms)
 GET /insights?tab=insight 200 in 17ms (compile: 3ms, render: 14ms)
 GET /insights?tab=insight 200 in 13ms (compile: 2ms, render: 10ms)
 GET /insights?tab=insight 200 in 122ms (compile: 2ms, render: 120ms)
 GET /insights?tab=insight 200 in 41ms (compile: 2ms, render: 39ms)
✓ Compiled in 20ms
✓ Compiled in 21ms
✓ Compiled in 39ms
✓ Compiled in 39ms
 GET /subscription 200 in 86ms (compile: 66ms, render: 20ms)
 GET /profile 200 in 27ms (compile: 4ms, render: 22ms)
✓ Compiled in 25ms
 GET /onboarding/dietary 200 in 98ms (compile: 74ms, render: 24ms)
 GET /home 200 in 21ms (compile: 5ms, render: 16ms)
 GET /profile 200 in 19ms (compile: 2ms, render: 17ms)
 GET /insights 200 in 183ms (compile: 60ms, render: 123ms)
 GET /subscription 200 in 20ms (compile: 5ms, render: 15ms)
 GET /subscription 200 in 46ms (compile: 3ms, render: 43ms)
 GET /insights?tab=insight 200 in 27ms (compile: 2ms, render: 24ms)
 GET /insights?tab=insight 200 in 34ms (compile: 1541µs, render: 33ms)
 GET /subscription 200 in 14ms (compile: 2ms, render: 12ms)
✓ Compiled in 23ms
✓ Compiled in 24ms
 GET /subscription 200 in 199ms (compile: 68ms, render: 131ms)
 GET /subscription 200 in 47ms (compile: 3ms, render: 44ms)
 GET /subscription 200 in 39ms (compile: 1897µs, render: 37ms)
 GET /subscription 200 in 31ms (compile: 1517µs, render: 30ms)
 GET /home 200 in 22ms (compile: 2ms, render: 19ms)
 GET /profile 200 in 15ms (compile: 3ms, render: 12ms)
 GET /home 200 in 22ms (compile: 3ms, render: 19ms)
 GET /profile 200 in 17ms (compile: 2ms, render: 15ms)
 GET /subscription 200 in 16ms (compile: 2ms, render: 14ms)
 GET /login 200 in 38ms (compile: 1853µs, render: 36ms)
 GET /login?code=idbHXbBkHSmaymOkevUX-YkBGv0PokwXCZjL5RD8stWPzMjMUWcbmwAAAAQKFzXdAAABnJ9ZUWkFVMIyByjmyg 200 in 31ms (compile: 1785µs, render: 29ms)
 GET /home 200 in 14ms (compile: 1523µs, render: 12ms)
 GET /profile 200 in 20ms (compile: 3ms, render: 17ms)
 GET /subscription 200 in 19ms (compile: 3ms, render: 17ms)
 GET /subscription 200 in 31ms (compile: 1752µs, render: 29ms)
 GET /subscription 200 in 37ms (compile: 3ms, render: 34ms)
✓ Compiled in 23ms
✓ Compiled in 19ms
✓ Compiled in 20ms
 GET /subscription 200 in 198ms (compile: 63ms, render: 136ms)
 GET /insights?tab=insight 200 in 20ms (compile: 2ms, render: 18ms)
 GET /subscription 200 in 22ms (compile: 3ms, render: 19ms)
 GET /insights?tab=insight 200 in 18ms (compile: 4ms, render: 13ms)
 GET /subscription 200 in 23ms (compile: 4ms, render: 20ms)
 GET /insights?tab=insight 200 in 16ms (compile: 2ms, render: 14ms)
✓ Compiled in 23ms
✓ Compiled in 57ms
✓ Compiled in 20ms
 GET /insights?tab=insight 200 in 184ms (compile: 59ms, render: 125ms)
 GET /profile 200 in 17ms (compile: 4ms, render: 14ms)
 GET /home 200 in 15ms (compile: 4ms, render: 11ms)
 GET /insights?tab=insight 200 in 26ms (compile: 1713µs, render: 24ms)
 GET /home 200 in 10ms (compile: 1813µs, render: 8ms)
 GET /navigation?name=%EC%98%A4%EB%A7%88%EC%9D%B4%EB%A1%A4+%EA%B3%B5%EB%8D%95%EB%B3%B8%EC%A0%90&address=&restaurantId=1188153216&recId=58912972-584c-4a92-affe-a90d2e5d468a 200 in 23ms (compile: 6ms, render: 18ms)
 GET /meal-record?name=%EC%98%A4%EB%A7%88%EC%9D%B4%EB%A1%A4+%EA%B3%B5%EB%8D%95%EB%B3%B8%EC%A0%90&restaurantId=1188153216&recId=58912972-584c-4a92-affe-a90d2e5d468a 200 in 31ms (compile: 7ms, render: 24ms)
 GET /home 200 in 16ms (compile: 1414µs, render: 15ms)
 GET /home 200 in 43ms (compile: 2ms, render: 41ms)
 GET /home 200 in 48ms (compile: 2ms, render: 46ms)
 GET /home 200 in 40ms (compile: 3ms, render: 37ms)
 GET /home 200 in 33ms (compile: 1807µs, render: 31ms)
 GET /home 200 in 42ms (compile: 1693µs, render: 40ms)
 GET /home 200 in 43ms (compile: 1624µs, render: 42ms)
 GET /home 200 in 36ms (compile: 1928µs, render: 34ms)
 GET /home 200 in 38ms (compile: 1913µs, render: 36ms)
 GET /home 200 in 42ms (compile: 1804µs, render: 41ms)
 GET /home 200 in 42ms (compile: 4ms, render: 38ms)
 GET /home 200 in 37ms (compile: 1827µs, render: 35ms)
 GET /home 200 in 46ms (compile: 4ms, render: 42ms)
 GET /home 200 in 52ms (compile: 2ms, render: 49ms)
 GET /home 200 in 58ms (compile: 3ms, render: 55ms)
 GET /home 200 in 40ms (compile: 3ms, render: 37ms)
 GET /home 200 in 36ms (compile: 3ms, render: 33ms)
 GET /home 200 in 37ms (compile: 2ms, render: 35ms)
 GET /home 200 in 38ms (compile: 3ms, render: 34ms)
 GET /home 200 in 39ms (compile: 3ms, render: 36ms)
 GET /navigation?name=%EC%95%84%ED%98%84%EB%8B%AD%EA%B3%B0%ED%83%95&address=&restaurantId=1068527313&recId=e1ad6c57-54e2-4fff-9a16-54c508946342 200 in 18ms (compile: 4ms, render: 14ms)
 GET /home 200 in 18ms (compile: 1792µs, render: 17ms)
 GET /insights?tab=insight 200 in 15ms (compile: 1540µs, render: 13ms)
 GET /subscription 200 in 36ms (compile: 3ms, render: 33ms)
 GET /profile 200 in 17ms (compile: 2ms, render: 15ms)
 GET /insights?tab=insight 200 in 16ms (compile: 1960µs, render: 14ms)
 GET /subscription 200 in 35ms (compile: 1569µs, render: 34ms)
 GET /insights?tab=insight 200 in 13ms (compile: 3ms, render: 10ms)
 GET /insights?tab=insight 200 in 36ms (compile: 1927µs, render: 34ms)
 GET / 200 in 153ms (compile: 60ms, render: 93ms)
 GET /login 200 in 21ms (compile: 2ms, render: 19ms)
 GET /login?code=2tjHofC3mTpUCXos-RykZ6lb3Q8KhmY2CgmahKY3r0oevOQIH3lA7wAAAAQKDR-XAAABnJ9oRI0FVMIyByjmyg 200 in 26ms (compile: 2ms, render: 24ms)
 GET /home 200 in 14ms (compile: 1780µs, render: 12ms)
 GET /insights?tab=insight 200 in 14ms (compile: 1715µs, render: 13ms)
 GET /home 200 in 24ms (compile: 3ms, render: 21ms)
✓ Compiled in 24ms
 GET /home 200 in 167ms (compile: 56ms, render: 111ms)
 GET /profile 200 in 21ms (compile: 2ms, render: 19ms)
 GET /home 200 in 17ms (compile: 3ms, render: 14ms)
 GET /home 200 in 42ms (compile: 2ms, render: 40ms)
 GET /profile 200 in 21ms (compile: 2ms, render: 18ms)
✓ Compiled in 24ms
✓ Compiled in 19ms
 GET /profile 200 in 188ms (compile: 66ms, render: 122ms)
 GET /home 200 in 13ms (compile: 2ms, render: 11ms)
 GET /insights?tab=insight 200 in 18ms (compile: 3ms, render: 15ms)
 GET /insights?tab=insight 200 in 12ms (compile: 3ms, render: 10ms)
 GET /profile 200 in 16ms (compile: 3ms, render: 13ms)
 GET /profile 200 in 40ms (compile: 4ms, render: 36ms)
 GET /profile 200 in 41ms (compile: 1748µs, render: 40ms)
 GET /profile 200 in 44ms (compile: 4ms, render: 40ms)
 GET /profile 200 in 45ms (compile: 2ms, render: 43ms)
 GET /profile 200 in 67ms (compile: 3ms, render: 63ms)
 GET /insights 200 in 17ms (compile: 2ms, render: 15ms)
 GET /insights?tab=insight 200 in 19ms (compile: 1795µs, render: 18ms)
 GET /home 200 in 16ms (compile: 3ms, render: 13ms)
 GET / 200 in 40ms (compile: 3ms, render: 37ms)
 GET /login 200 in 21ms (compile: 1829µs, render: 19ms)
 GET /login?code=x6CBpN3H2ODTC2gtJLXfQz5PbtkPbahsEsO8M56ApY1fSc86eCdCRQAAAAQKFxDvAAABnJ96_vDokopMIboAuA 200 in 31ms (compile: 1889µs, render: 29ms)
 GET /home 200 in 13ms (compile: 1681µs, render: 11ms)
 GET /home 200 in 44ms (compile: 3ms, render: 41ms)
 GET /home 200 in 47ms (compile: 5ms, render: 42ms)
 GET /insights?tab=insight 200 in 19ms (compile: 3ms, render: 17ms)
 GET /home 200 in 16ms (compile: 1791µs, render: 14ms)
 GET /profile 200 in 20ms (compile: 2ms, render: 18ms)
 GET /onboarding/dietary 200 in 26ms (compile: 5ms, render: 22ms)
 GET /home 200 in 15ms (compile: 2ms, render: 13ms)
 GET /profile 200 in 21ms (compile: 2ms, render: 19ms)
 GET /home 200 in 14ms (compile: 2ms, render: 12ms)
 GET /home 200 in 77ms (compile: 4ms, render: 73ms)
 GET /home 200 in 44ms (compile: 2ms, render: 42ms)
 GET /home 200 in 66ms (compile: 3ms, render: 63ms)
 GET /profile 200 in 25ms (compile: 5ms, render: 21ms)
 GET /login 200 in 19ms (compile: 3ms, render: 16ms)
 GET /login?code=dfzIVH3C4AxrfE46vtjgz8U_HFP8cEjpsQTyVq_A8ODkc-RqjSnLGQAAAAQKFwHPAAABnJ-EJ4WUJG13ldIf8A 200 in 27ms (compile: 1651µs, render: 25ms)
 GET /home 200 in 12ms (compile: 1525µs, render: 10ms)
 GET /profile 200 in 16ms (compile: 5ms, render: 11ms)
 GET /home 200 in 16ms (compile: 2ms, render: 14ms)
 GET /home 200 in 62ms (compile: 4ms, render: 58ms)
 GET /home 200 in 29ms (compile: 1619µs, render: 27ms)
 GET /home 200 in 39ms (compile: 2ms, render: 37ms)
 GET /home 200 in 42ms (compile: 3ms, render: 40ms)
 GET /home 200 in 62ms (compile: 3ms, render: 59ms)
 GET /home 200 in 51ms (compile: 3ms, render: 48ms)
 GET /home 200 in 63ms (compile: 4ms, render: 59ms)
 GET /insights 200 in 13ms (compile: 2ms, render: 11ms)
 GET /insights?tab=insight 200 in 15ms (compile: 2ms, render: 12ms)
 GET /profile 200 in 16ms (compile: 3ms, render: 13ms)
✓ Compiled in 29ms
✓ Compiled in 19ms
✓ Compiled in 28ms
✓ Compiled in 23ms
 GET /profile 200 in 261ms (compile: 109ms, render: 152ms)
 GET /subscription 200 in 27ms (compile: 3ms, render: 23ms)
 GET / 200 in 56ms (compile: 4ms, render: 52ms)
 GET /login 200 in 21ms (compile: 3ms, render: 18ms)
 GET /login?code=pIT2Fy8RkMABhXBMKuazwU31M_gYSk_wTOnbrnFo2k7OPG5Yy0Zi_wAAAAQKFyIgAAABnJ-NF8eUJG13ldIf8A 200 in 39ms (compile: 2ms, render: 37ms)
 GET /home 200 in 15ms (compile: 2ms, render: 13ms)
 GET /profile 200 in 16ms (compile: 1818µs, render: 14ms)
✓ Compiled in 39ms
 GET /subscription 200 in 15ms (compile: 3ms, render: 11ms)
✓ Compiled in 24ms
✓ Compiled in 25ms
✓ Compiled in 35ms
✓ Compiled in 24ms
 GET /subscription 200 in 184ms (compile: 67ms, render: 118ms)
✓ Compiled in 18ms
 GET /insights?tab=insight 200 in 86ms (compile: 66ms, render: 20ms)
 GET /subscription 200 in 176ms (compile: 59ms, render: 116ms)
 GET /subscription 200 in 44ms (compile: 3ms, render: 42ms)
 GET /subscription 200 in 36ms (compile: 3ms, render: 33ms)
 GET /subscription 200 in 44ms (compile: 2ms, render: 42ms)
 GET /subscription 200 in 44ms (compile: 2ms, render: 42ms)
 GET /subscription 200 in 45ms (compile: 3ms, render: 42ms)
 GET /subscription 200 in 60ms (compile: 3ms, render: 57ms)
 GET /subscription 200 in 33ms (compile: 1610µs, render: 32ms)
 GET / 200 in 21ms (compile: 2ms, render: 19ms)
 GET /insights?tab=insight 200 in 105ms (compile: 4ms, render: 102ms)
 GET /home 200 in 20ms (compile: 3ms, render: 16ms)
 GET /home 200 in 55ms (compile: 3ms, render: 52ms)
 GET /home 200 in 33ms (compile: 2ms, render: 31ms)
 GET /home 200 in 32ms (compile: 1815µs, render: 31ms)
 GET /home 200 in 51ms (compile: 3ms, render: 49ms)
 GET /profile 200 in 13ms (compile: 3ms, render: 11ms)
 GET /login 200 in 16ms (compile: 2ms, render: 14ms)
 GET /login?code=V2muti4p9-pCQxEUPQqyA-QMpjg3DfrMXskJsFU62Sr-Jm0h6FEanAAAAAQKFxDvAAABnJ-aibUtjdRiIM79qQ 200 in 23ms (compile: 1478µs, render: 22ms)
 GET /home 200 in 12ms (compile: 1821µs, render: 11ms)
 GET /profile 200 in 21ms (compile: 2ms, render: 19ms)
 GET /home 200 in 15ms (compile: 1518µs, render: 13ms)
 GET /home 200 in 42ms (compile: 1679µs, render: 40ms)
 GET /home 200 in 37ms (compile: 3ms, render: 34ms)
 GET /home 200 in 45ms (compile: 3ms, render: 42ms)
 GET /home 200 in 37ms (compile: 2ms, render: 35ms)
 GET /home 200 in 38ms (compile: 3ms, render: 35ms)
 GET /home 200 in 34ms (compile: 3ms, render: 32ms)
 GET /home 200 in 32ms (compile: 1693µs, render: 31ms)
 GET /home 200 in 53ms (compile: 1662µs, render: 52ms)
 GET /profile 200 in 19ms (compile: 3ms, render: 16ms)
 GET /insights 200 in 16ms (compile: 4ms, render: 13ms)
 GET /insights?tab=insight 200 in 15ms (compile: 2ms, render: 13ms)
 GET /profile 200 in 15ms (compile: 3ms, render: 13ms)
 GET /insights?tab=insight 200 in 14ms (compile: 3ms, render: 12ms)
✓ Compiled in 26ms
 GET /insights?tab=insight 200 in 78ms (compile: 59ms, render: 19ms)
 GET /insights?tab=insight 200 in 105ms (compile: 3ms, render: 102ms)
 GET /subscription 200 in 23ms (compile: 3ms, render: 20ms)
 GET /insights?tab=insight 200 in 28ms (compile: 4ms, render: 24ms)
 GET /insights 200 in 24ms (compile: 3ms, render: 21ms)
 GET /insights?tab=insight 200 in 12ms (compile: 1604µs, render: 11ms)
 GET /insights 200 in 17ms (compile: 2ms, render: 15ms)
 GET /insights?tab=insight 200 in 17ms (compile: 4ms, render: 13ms)
 GET /profile 200 in 23ms (compile: 3ms, render: 21ms)
 GET /home 200 in 15ms (compile: 1353µs, render: 13ms)
 GET /insights 200 in 13ms (compile: 2ms, render: 11ms)
 GET /insights?tab=insight 200 in 33ms (compile: 1934µs, render: 31ms)
 GET /api/v1/members/me/subscription 404 in 161ms (compile: 63ms, render: 98ms)
 GET /insights?tab=insight 200 in 32ms (compile: 2ms, render: 29ms)
✓ Compiled in 24ms
 GET /home 200 in 18ms (compile: 2ms, render: 16ms)
 GET /insights?tab=insight 200 in 136ms (compile: 81ms, render: 55ms)
 GET /insights?tab=insight 200 in 158ms (compile: 3ms, render: 155ms)
 GET /insights?tab=insight 200 in 52ms (compile: 2ms, render: 49ms)
 GET /insights?tab=insight 200 in 57ms (compile: 3ms, render: 54ms)
 GET /profile 200 in 27ms (compile: 12ms, render: 15ms)
 GET /login 200 in 35ms (compile: 14ms, render: 21ms)
 GET /login?code=tsfSPEBy10u_cQt2v54VvF2JWXCUfyEoqGD61yXzhA1QkBBvdGDu4AAAAAQKFzVXAAABnJ-20aOBPKUF0hG4dQ 200 in 26ms (compile: 2ms, render: 24ms)
 GET /home 200 in 11ms (compile: 1654µs, render: 10ms)
 GET /profile 200 in 15ms (compile: 2ms, render: 13ms)
 GET /home 200 in 22ms (compile: 3ms, render: 19ms)
 GET /insights?tab=insight 200 in 18ms (compile: 2ms, render: 16ms)
✓ Compiled in 46ms
✓ Compiled in 24ms
✓ Compiled in 22ms
✓ Compiled in 21ms
⚠ Fast Refresh had to perform a full reload due to a runtime error.
✓ Compiled in 35ms
 GET /insights?tab=insight 200 in 214ms (compile: 75ms, render: 140ms)
✓ Compiled in 35ms
✓ Compiled in 22ms
✓ Compiled in 22ms
✓ Compiled in 22ms
✓ Compiled in 26ms
✓ Compiled in 24ms
 GET /insights?tab=insight 200 in 201ms (compile: 72ms, render: 129ms)
 GET /profile 200 in 21ms (compile: 5ms, render: 16ms)
 GET /subscription 200 in 28ms (compile: 14ms, render: 14ms)
 GET /subscription 200 in 44ms (compile: 1730µs, render: 43ms)
 GET /insights?tab=insight 200 in 22ms (compile: 4ms, render: 18ms)
 GET /subscription 200 in 16ms (compile: 2ms, render: 13ms)
 GET /subscription 200 in 47ms (compile: 3ms, render: 44ms)
 GET /subscription 200 in 42ms (compile: 3ms, render: 39ms)
 GET /insights?tab=insight 200 in 21ms (compile: 1743µs, render: 19ms)
 GET /profile 200 in 17ms (compile: 3ms, render: 14ms)
 GET /subscription 200 in 21ms (compile: 1847µs, render: 19ms)
 GET /profile 200 in 20ms (compile: 1964µs, render: 18ms)
 GET /subscription 200 in 18ms (compile: 2ms, render: 16ms)
 GET /profile 200 in 15ms (compile: 2ms, render: 13ms)
✓ Compiled in 24ms
✓ Compiled in 20ms
 GET /profile 200 in 52ms (compile: 10ms, render: 42ms)
 GET /subscription 200 in 96ms (compile: 79ms, render: 17ms)
 GET /insights?tab=insight 200 in 15ms (compile: 1947µs, render: 14ms)
 GET /profile 200 in 12ms (compile: 2ms, render: 10ms)
 GET /subscription 200 in 22ms (compile: 2ms, render: 20ms)
✓ Compiled in 21ms
 GET /insights?tab=insight 200 in 23ms (compile: 3ms, render: 19ms)
 GET /home 200 in 26ms (compile: 5ms, render: 21ms)
 GET /profile 200 in 15ms (compile: 4ms, render: 11ms)
 GET /subscription 200 in 97ms (compile: 75ms, render: 22ms)
 GET /insights?tab=insight 200 in 18ms (compile: 3ms, render: 15ms)
 GET /insights 200 in 15ms (compile: 3ms, render: 12ms)
 GET /profile 200 in 17ms (compile: 3ms, render: 15ms)
 GET /home 200 in 19ms (compile: 3ms, render: 16ms)
 GET /insights 200 in 15ms (compile: 1983µs, render: 13ms)
 GET /insights?tab=insight 200 in 17ms (compile: 2ms, render: 15ms)
 GET /profile 200 in 19ms (compile: 1768µs, render: 17ms)
 GET /home 200 in 11ms (compile: 2ms, render: 9ms)
 GET /profile 200 in 18ms (compile: 2ms, render: 16ms)
 GET /home 200 in 28ms (compile: 4ms, render: 24ms)
 GET /insights 200 in 17ms (compile: 3ms, render: 14ms)
 GET /insights?tab=insight 200 in 17ms (compile: 3ms, render: 14ms)
 GET /home 200 in 15ms (compile: 2ms, render: 13ms)
 GET /profile 200 in 20ms (compile: 1861µs, render: 18ms)
 GET /home 200 in 19ms (compile: 2ms, render: 17ms)
 GET /insights 200 in 14ms (compile: 1936µs, render: 12ms)
✓ Compiled in 26ms
 GET /insights?tab=insight 200 in 96ms (compile: 78ms, render: 18ms)
 GET /insights 200 in 16ms (compile: 3ms, render: 12ms)
 GET /profile 200 in 98ms (compile: 78ms, render: 20ms)
 GET /home 200 in 20ms (compile: 3ms, render: 16ms)
 GET /home 200 in 50ms (compile: 2ms, render: 47ms)
 GET /home 200 in 55ms (compile: 2ms, render: 53ms)
 GET /profile 200 in 16ms (compile: 1989µs, render: 14ms)
✓ Compiled in 32ms
✓ Compiled in 42ms
 GET /home 200 in 120ms (compile: 94ms, render: 26ms)
 GET /profile 200 in 18ms (compile: 3ms, render: 14ms)
 GET /login 200 in 103ms (compile: 83ms, render: 20ms)
 GET /login?code=Or5hbxLoVASFgO1G-V82zNlseP4dMsb1XwnxNybwSYlHRLI3w0d3oQAAAAQKDRXYAAABnJ_MfWjE017PSiBv1Q 200 in 91ms (compile: 1487µs, render: 90ms)
 GET /home 200 in 16ms (compile: 1911µs, render: 14ms)
 GET /profile 200 in 20ms (compile: 3ms, render: 18ms)
 GET /login 200 in 16ms (compile: 1486µs, render: 15ms)
 GET /login?code=uHWWuovB9wtXKTXzMht7BXCR7c6yGlB4FIh10KcTTi1hXGEoVSRgZQAAAAQKDRXYAAABnJ_MpjcSmUam6ZdnFg 200 in 27ms (compile: 1617µs, render: 25ms)
 GET /home 200 in 15ms (compile: 4ms, render: 11ms)
 GET /insights 200 in 13ms (compile: 2ms, render: 11ms)
 GET /insights?tab=insight 200 in 14ms (compile: 2ms, render: 12ms)
 GET /profile 200 in 16ms (compile: 2ms, render: 13ms)
 GET /home 200 in 17ms (compile: 3ms, render: 14ms)
 GET /insights 200 in 16ms (compile: 4ms, render: 12ms)
 GET /insights?tab=insight 200 in 16ms (compile: 2ms, render: 13ms)
 GET /home 200 in 19ms (compile: 1884µs, render: 17ms)
 GET /insights 200 in 16ms (compile: 2ms, render: 14ms)
 GET /insights?tab=insight 200 in 19ms (compile: 3ms, render: 16ms)
 GET /profile 200 in 24ms (compile: 3ms, render: 22ms)
✓ Compiled in 24ms
 GET /home 200 in 116ms (compile: 94ms, render: 22ms)
 GET /insights 200 in 131ms (compile: 83ms, render: 48ms)
 GET /home 200 in 21ms (compile: 3ms, render: 18ms)
 GET /profile 200 in 117ms (compile: 96ms, render: 21ms)
 GET /home 200 in 19ms (compile: 1858µs, render: 18ms)
 GET /home 200 in 15ms (compile: 3ms, render: 12ms)
⚠ Found a change in next.config.ts. Restarting the server to apply the changes...
▲ Next.js 16.1.6 (Turbopack)
- Local:         http://localhost:3000
- Network:       http://172.26.240.1:3000

✓ Starting...
✓ Ready in 1592ms
[?25h
