
  .   ____          _            __ _ _
 /\\ / ___'_ __ _ _(_)_ __  __ _ \ \ \ \
( ( )\___ | '_ | '_| | '_ \/ _` | \ \ \ \
 \\/  ___)| |_)| | | | | || (_| |  ) ) ) )
  '  |____| .__|_| |_|_| |_\__, | / / / /
 =========|_|==============|___/=/_/_/_/

 :: Spring Boot ::                (v3.4.1)

2026-02-27 07:02:32 - Starting MemberApplication using Java 21 with PID 16880 (C:\Users\hiond\workspace\lunch-menu-recommender\member-service\build\libs\member-service.jar started by hiond in C:\Users\hiond\workspace\lunch-menu-recommender)
2026-02-27 07:02:32 - Running with Spring Boot v3.4.1, Spring v6.2.1
2026-02-27 07:02:32 - The following 1 profile is active: "dev"
2026-02-27 07:02:33 - Multiple Spring Data modules found, entering strict repository configuration mode
2026-02-27 07:02:33 - Bootstrapping Spring Data JPA repositories in DEFAULT mode.
2026-02-27 07:02:34 - Finished Spring Data repository scanning in 144 ms. Found 4 JPA repository interfaces.
2026-02-27 07:02:35 - Multiple Spring Data modules found, entering strict repository configuration mode
2026-02-27 07:02:35 - Bootstrapping Spring Data Redis repositories in DEFAULT mode.
2026-02-27 07:02:35 - Spring Data Redis - Could not safely identify store assignment for repository candidate interface com.unicorn.lunchpick.member.repository.jpa.DietaryRestrictionRepository; If you want this repository to be a Redis repository, consider annotating your entities with one of these annotations: org.springframework.data.redis.core.RedisHash (preferred), or consider extending one of the following types with your repository: org.springframework.data.keyvalue.repository.KeyValueRepository
2026-02-27 07:02:35 - Spring Data Redis - Could not safely identify store assignment for repository candidate interface com.unicorn.lunchpick.member.repository.jpa.LocationConsentRepository; If you want this repository to be a Redis repository, consider annotating your entities with one of these annotations: org.springframework.data.redis.core.RedisHash (preferred), or consider extending one of the following types with your repository: org.springframework.data.keyvalue.repository.KeyValueRepository
2026-02-27 07:02:35 - Spring Data Redis - Could not safely identify store assignment for repository candidate interface com.unicorn.lunchpick.member.repository.jpa.MemberRepository; If you want this repository to be a Redis repository, consider annotating your entities with one of these annotations: org.springframework.data.redis.core.RedisHash (preferred), or consider extending one of the following types with your repository: org.springframework.data.keyvalue.repository.KeyValueRepository
2026-02-27 07:02:35 - Spring Data Redis - Could not safely identify store assignment for repository candidate interface com.unicorn.lunchpick.member.repository.jpa.TasteProfileRepository; If you want this repository to be a Redis repository, consider annotating your entities with one of these annotations: org.springframework.data.redis.core.RedisHash (preferred), or consider extending one of the following types with your repository: org.springframework.data.keyvalue.repository.KeyValueRepository
2026-02-27 07:02:35 - Finished Spring Data repository scanning in 66 ms. Found 0 Redis repository interfaces.
2026-02-27 07:02:36 - BeanFactory id=1a3b27fb-12f5-300a-b35b-fe7cd5e0b075
2026-02-27 07:02:38 - Tomcat initialized with port 8081 (http)
2026-02-27 07:02:38 - Starting service [Tomcat]
2026-02-27 07:02:38 - Starting Servlet engine: [Apache Tomcat/10.1.34]
2026-02-27 07:02:38 - Initializing Spring embedded WebApplicationContext
2026-02-27 07:02:38 - Root WebApplicationContext: initialization completed in 5856 ms
2026-02-27 07:02:39 - HHH000204: Processing PersistenceUnitInfo [name: default]
2026-02-27 07:02:40 - HHH000412: Hibernate ORM core version 6.6.4.Final
2026-02-27 07:02:40 - HHH000026: Second-level cache disabled
2026-02-27 07:02:40 - No LoadTimeWeaver setup: ignoring JPA class transformer
2026-02-27 07:02:40 - HikariPool-1 - Starting...
2026-02-27 07:02:40 - HikariPool-1 - Added connection org.postgresql.jdbc.PgConnection@2053b761
2026-02-27 07:02:40 - HikariPool-1 - Start completed.
2026-02-27 07:02:40 - HHH10001005: Database info:
	Database JDBC URL [Connecting through datasource 'HikariDataSource (HikariPool-1)']
	Database driver: undefined/unknown
	Database version: 16.12
	Autocommit mode: undefined/unknown
	Isolation level: undefined/unknown
	Minimum pool size: undefined/unknown
	Maximum pool size: undefined/unknown
2026-02-27 07:02:42 - HHH000489: No JTA platform available (set 'hibernate.transaction.jta.platform' to enable JTA platform integration)
2026-02-27 07:02:42 - Initialized JPA EntityManagerFactory for persistence unit 'default'
2026-02-27 07:02:45 - Redis Streams 리스너 컨테이너 시작 (DB 0) — stream: subscription-events
2026-02-27 07:02:46 - Consumer Group 이미 존재 (정상) — stream: subscription-events, group: member-service-group
2026-02-27 07:02:46 - Redis Streams 구독 등록 완료 — stream: subscription-events, group: member-service-group, consumer: member-service-1
2026-02-27 07:02:46 - spring.jpa.open-in-view is enabled by default. Therefore, database queries may be performed during view rendering. Explicitly configure spring.jpa.open-in-view to disable this warning
2026-02-27 07:02:46 - Global AuthenticationManager configured with UserDetailsService bean with name customUserDetailsService
2026-02-27 07:02:48 - Exposing 3 endpoints beneath base path '/actuator'
2026-02-27 07:02:51 - Cannot determine local hostname
2026-02-27 07:02:51 - Tomcat started on port 8081 (http) with context path '/'
2026-02-27 07:02:52 - Cannot determine local hostname
2026-02-27 07:02:52 - Started MemberApplication in 21.568 seconds (process running for 22.446)
2026-02-27 07:03:16 - Initializing Spring DispatcherServlet 'dispatcherServlet'
2026-02-27 07:03:16 - Initializing Servlet 'dispatcherServlet'
2026-02-27 07:03:16 - Completed initialization in 0 ms
Hibernate: 
    /* <criteria> */ select
        me1_0.id,
        me1_0.created_at,
        me1_0.email,
        me1_0.feedback_reminder,
        me1_0.kakao_id,
        me1_0.location_enabled,
        me1_0.member_id,
        me1_0.nickname,
        me1_0.onboarding_completed,
        me1_0.recommendation_alert,
        me1_0.updated_at 
    from
        lunchpick_member.member me1_0 
    where
        me1_0.nickname=?
2026-02-27 07:03:59 - JWT 인증 완료 — memberId: 04a0c32a-8c35-4ce5-aed0-08a99077fb94
Hibernate: 
    /* <criteria> */ select
        me1_0.id,
        me1_0.created_at,
        me1_0.email,
        me1_0.feedback_reminder,
        me1_0.kakao_id,
        me1_0.location_enabled,
        me1_0.member_id,
        me1_0.nickname,
        me1_0.onboarding_completed,
        me1_0.recommendation_alert,
        me1_0.updated_at 
    from
        lunchpick_member.member me1_0 
    where
        me1_0.member_id=?
Hibernate: 
    /* <criteria> */ select
        dre1_0.id,
        dre1_0.allergens,
        dre1_0.custom_allergens,
        dre1_0.diet_type,
        dre1_0.health_info_consent_given,
        dre1_0.member_id,
        dre1_0.updated_at 
    from
        lunchpick_member.dietary_restriction dre1_0 
    where
        dre1_0.member_id=?
Hibernate: 
    /* <criteria> */ select
        me1_0.id,
        me1_0.created_at,
        me1_0.email,
        me1_0.feedback_reminder,
        me1_0.kakao_id,
        me1_0.location_enabled,
        me1_0.member_id,
        me1_0.nickname,
        me1_0.onboarding_completed,
        me1_0.recommendation_alert,
        me1_0.updated_at 
    from
        lunchpick_member.member me1_0 
    where
        me1_0.nickname=?
Hibernate: 
    /* insert for
        com.unicorn.lunchpick.member.repository.entity.MemberEntity */insert 
    into
        lunchpick_member.member (created_at, email, feedback_reminder, kakao_id, location_enabled, member_id, nickname, onboarding_completed, recommendation_alert, updated_at) 
    values
        (?, ?, ?, ?, ?, ?, ?, ?, ?, ?)
2026-02-27 07:06:11 - JWT 인증 완료 — memberId: 1b472c49-2a82-404d-aeef-9f0d17d961f8
Hibernate: 
    /* <criteria> */ select
        me1_0.id,
        me1_0.created_at,
        me1_0.email,
        me1_0.feedback_reminder,
        me1_0.kakao_id,
        me1_0.location_enabled,
        me1_0.member_id,
        me1_0.nickname,
        me1_0.onboarding_completed,
        me1_0.recommendation_alert,
        me1_0.updated_at 
    from
        lunchpick_member.member me1_0 
    where
        me1_0.member_id=?
Hibernate: 
    /* <criteria> */ select
        dre1_0.id,
        dre1_0.allergens,
        dre1_0.custom_allergens,
        dre1_0.diet_type,
        dre1_0.health_info_consent_given,
        dre1_0.member_id,
        dre1_0.updated_at 
    from
        lunchpick_member.dietary_restriction dre1_0 
    where
        dre1_0.member_id=?
2026-02-27 07:06:11 - 구독 캐시 갱신 완료 — memberId: 1b472c49-2a82-404d-aeef-9f0d17d961f8, plan: PREMIUM_MONTHLY
2026-02-27 07:06:11 - 구독 이벤트 처리 완료 — memberId: 1b472c49-2a82-404d-aeef-9f0d17d961f8, plan: PREMIUM_MONTHLY
2026-02-27 07:06:14 - JWT 인증 완료 — memberId: 1b472c49-2a82-404d-aeef-9f0d17d961f8
Hibernate: 
    /* <criteria> */ select
        me1_0.id,
        me1_0.created_at,
        me1_0.email,
        me1_0.feedback_reminder,
        me1_0.kakao_id,
        me1_0.location_enabled,
        me1_0.member_id,
        me1_0.nickname,
        me1_0.onboarding_completed,
        me1_0.recommendation_alert,
        me1_0.updated_at 
    from
        lunchpick_member.member me1_0 
    where
        me1_0.member_id=?
Hibernate: 
    /* <criteria> */ select
        dre1_0.id,
        dre1_0.allergens,
        dre1_0.custom_allergens,
        dre1_0.diet_type,
        dre1_0.health_info_consent_given,
        dre1_0.member_id,
        dre1_0.updated_at 
    from
        lunchpick_member.dietary_restriction dre1_0 
    where
        dre1_0.member_id=?
Hibernate: 
    /* <criteria> */ select
        me1_0.id,
        me1_0.created_at,
        me1_0.email,
        me1_0.feedback_reminder,
        me1_0.kakao_id,
        me1_0.location_enabled,
        me1_0.member_id,
        me1_0.nickname,
        me1_0.onboarding_completed,
        me1_0.recommendation_alert,
        me1_0.updated_at 
    from
        lunchpick_member.member me1_0 
    where
        me1_0.nickname=?
Hibernate: 
    /* insert for
        com.unicorn.lunchpick.member.repository.entity.MemberEntity */insert 
    into
        lunchpick_member.member (created_at, email, feedback_reminder, kakao_id, location_enabled, member_id, nickname, onboarding_completed, recommendation_alert, updated_at) 
    values
        (?, ?, ?, ?, ?, ?, ?, ?, ?, ?)
Hibernate: 
    /* <criteria> */ select
        me1_0.id,
        me1_0.created_at,
        me1_0.email,
        me1_0.feedback_reminder,
        me1_0.kakao_id,
        me1_0.location_enabled,
        me1_0.member_id,
        me1_0.nickname,
        me1_0.onboarding_completed,
        me1_0.recommendation_alert,
        me1_0.updated_at 
    from
        lunchpick_member.member me1_0 
    where
        me1_0.nickname=?
Hibernate: 
    /* insert for
        com.unicorn.lunchpick.member.repository.entity.MemberEntity */insert 
    into
        lunchpick_member.member (created_at, email, feedback_reminder, kakao_id, location_enabled, member_id, nickname, onboarding_completed, recommendation_alert, updated_at) 
    values
        (?, ?, ?, ?, ?, ?, ?, ?, ?, ?)
2026-02-27 07:07:39 - JWT 인증 완료 — memberId: 617cd0a3-ffca-43db-91b8-658b2c5e1e70
Hibernate: 
    /* <criteria> */ select
        me1_0.id,
        me1_0.created_at,
        me1_0.email,
        me1_0.feedback_reminder,
        me1_0.kakao_id,
        me1_0.location_enabled,
        me1_0.member_id,
        me1_0.nickname,
        me1_0.onboarding_completed,
        me1_0.recommendation_alert,
        me1_0.updated_at 
    from
        lunchpick_member.member me1_0 
    where
        me1_0.member_id=?
Hibernate: 
    /* <criteria> */ select
        dre1_0.id,
        dre1_0.allergens,
        dre1_0.custom_allergens,
        dre1_0.diet_type,
        dre1_0.health_info_consent_given,
        dre1_0.member_id,
        dre1_0.updated_at 
    from
        lunchpick_member.dietary_restriction dre1_0 
    where
        dre1_0.member_id=?
2026-02-27 07:07:55 - 구독 캐시 갱신 완료 — memberId: 617cd0a3-ffca-43db-91b8-658b2c5e1e70, plan: PREMIUM_MONTHLY
2026-02-27 07:07:55 - 구독 이벤트 처리 완료 — memberId: 617cd0a3-ffca-43db-91b8-658b2c5e1e70, plan: PREMIUM_MONTHLY
2026-02-27 07:08:12 - JWT 인증 완료 — memberId: 617cd0a3-ffca-43db-91b8-658b2c5e1e70
Hibernate: 
    /* <criteria> */ select
        me1_0.id,
        me1_0.created_at,
        me1_0.email,
        me1_0.feedback_reminder,
        me1_0.kakao_id,
        me1_0.location_enabled,
        me1_0.member_id,
        me1_0.nickname,
        me1_0.onboarding_completed,
        me1_0.recommendation_alert,
        me1_0.updated_at 
    from
        lunchpick_member.member me1_0 
    where
        me1_0.member_id=?
Hibernate: 
    /* <criteria> */ select
        dre1_0.id,
        dre1_0.allergens,
        dre1_0.custom_allergens,
        dre1_0.diet_type,
        dre1_0.health_info_consent_given,
        dre1_0.member_id,
        dre1_0.updated_at 
    from
        lunchpick_member.dietary_restriction dre1_0 
    where
        dre1_0.member_id=?
Hibernate: 
    /* <criteria> */ select
        me1_0.id,
        me1_0.created_at,
        me1_0.email,
        me1_0.feedback_reminder,
        me1_0.kakao_id,
        me1_0.location_enabled,
        me1_0.member_id,
        me1_0.nickname,
        me1_0.onboarding_completed,
        me1_0.recommendation_alert,
        me1_0.updated_at 
    from
        lunchpick_member.member me1_0 
    where
        me1_0.nickname=?
Hibernate: 
    /* insert for
        com.unicorn.lunchpick.member.repository.entity.MemberEntity */insert 
    into
        lunchpick_member.member (created_at, email, feedback_reminder, kakao_id, location_enabled, member_id, nickname, onboarding_completed, recommendation_alert, updated_at) 
    values
        (?, ?, ?, ?, ?, ?, ?, ?, ?, ?)
2026-02-27 12:59:46 - HikariPool-1 - Thread starvation or clock leap detected (housekeeper delta=5h50m5s330ms847µs200ns).
2026-02-27 13:14:56 - Unexpected error occurred in scheduled task
org.springframework.data.redis.RedisConnectionFailureException: Unable to connect to Redis
	at org.springframework.data.redis.connection.lettuce.LettuceConnectionFactory$ExceptionTranslatingConnectionProvider.translateException(LettuceConnectionFactory.java:1858)
	at org.springframework.data.redis.connection.lettuce.LettuceConnectionFactory$ExceptionTranslatingConnectionProvider.getConnection(LettuceConnectionFactory.java:1789)
	at org.springframework.data.redis.connection.lettuce.LettuceConnection.doGetAsyncDedicatedConnection(LettuceConnection.java:964)
	at org.springframework.data.redis.connection.lettuce.LettuceConnection.getOrCreateDedicatedConnection(LettuceConnection.java:1019)
	at org.springframework.data.redis.connection.lettuce.LettuceConnection.getAsyncDedicatedConnection(LettuceConnection.java:949)
	at org.springframework.data.redis.connection.lettuce.LettuceStreamCommands.getAsyncDedicatedConnection(LettuceStreamCommands.java:317)
	at org.springframework.data.redis.connection.lettuce.LettuceStreamCommands.xReadGroup(LettuceStreamCommands.java:280)
	at org.springframework.data.redis.stream.DefaultStreamMessageListenerContainer.lambda$getReadFunction$3(DefaultStreamMessageListenerContainer.java:234)
	at org.springframework.data.redis.core.RedisTemplate.execute(RedisTemplate.java:411)
	at org.springframework.data.redis.core.RedisTemplate.execute(RedisTemplate.java:378)
	at org.springframework.data.redis.core.RedisTemplate.execute(RedisTemplate.java:365)
	at org.springframework.data.redis.stream.DefaultStreamMessageListenerContainer.lambda$getReadFunction$4(DefaultStreamMessageListenerContainer.java:233)
	at org.springframework.data.redis.stream.StreamPollTask.readRecords(StreamPollTask.java:146)
	at org.springframework.data.redis.stream.StreamPollTask.doLoop(StreamPollTask.java:127)
	at org.springframework.data.redis.stream.StreamPollTask.run(StreamPollTask.java:112)
	at java.base/java.lang.Thread.run(Thread.java:1583)
Caused by: io.lettuce.core.RedisConnectionException: Unable to connect to localhost/<unresolved>:16379
	at io.lettuce.core.RedisConnectionException.create(RedisConnectionException.java:63)
	at io.lettuce.core.RedisConnectionException.create(RedisConnectionException.java:41)
	at io.lettuce.core.AbstractRedisClient.getConnection(AbstractRedisClient.java:354)
	at io.lettuce.core.RedisClient.connect(RedisClient.java:219)
	at org.springframework.data.redis.connection.lettuce.StandaloneConnectionProvider.lambda$getConnection$1(StandaloneConnectionProvider.java:112)
	at java.base/java.util.Optional.orElseGet(Optional.java:364)
	at org.springframework.data.redis.connection.lettuce.StandaloneConnectionProvider.getConnection(StandaloneConnectionProvider.java:112)
	at org.springframework.data.redis.connection.lettuce.LettuceConnectionFactory$ExceptionTranslatingConnectionProvider.getConnection(LettuceConnectionFactory.java:1787)
	... 14 common frames omitted
Caused by: io.netty.channel.AbstractChannel$AnnotatedSocketException: Address already in use: no further information: localhost/127.0.0.1:16379
Caused by: java.net.BindException: Address already in use: no further information
	at java.base/sun.nio.ch.Net.pollConnect(Native Method)
	at java.base/sun.nio.ch.Net.pollConnectNow(Net.java:682)
	at java.base/sun.nio.ch.SocketChannelImpl.finishConnect(SocketChannelImpl.java:973)
	at io.netty.channel.socket.nio.NioSocketChannel.doFinishConnect(NioSocketChannel.java:336)
	at io.netty.channel.nio.AbstractNioChannel$AbstractNioUnsafe.finishConnect(AbstractNioChannel.java:339)
	at io.netty.channel.nio.NioEventLoop.processSelectedKey(NioEventLoop.java:776)
	at io.netty.channel.nio.NioEventLoop.processSelectedKeysOptimized(NioEventLoop.java:724)
	at io.netty.channel.nio.NioEventLoop.processSelectedKeys(NioEventLoop.java:650)
	at io.netty.channel.nio.NioEventLoop.run(NioEventLoop.java:562)
	at io.netty.util.concurrent.SingleThreadEventExecutor$4.run(SingleThreadEventExecutor.java:997)
	at io.netty.util.internal.ThreadExecutorMap$2.run(ThreadExecutorMap.java:74)
	at io.netty.util.concurrent.FastThreadLocalRunnable.run(FastThreadLocalRunnable.java:30)
	at java.base/java.lang.Thread.run(Thread.java:1583)
Hibernate: 
    /* <criteria> */ select
        me1_0.id,
        me1_0.created_at,
        me1_0.email,
        me1_0.feedback_reminder,
        me1_0.kakao_id,
        me1_0.location_enabled,
        me1_0.member_id,
        me1_0.nickname,
        me1_0.onboarding_completed,
        me1_0.recommendation_alert,
        me1_0.updated_at 
    from
        lunchpick_member.member me1_0 
    where
        me1_0.nickname=?
Hibernate: 
    /* insert for
        com.unicorn.lunchpick.member.repository.entity.MemberEntity */insert 
    into
        lunchpick_member.member (created_at, email, feedback_reminder, kakao_id, location_enabled, member_id, nickname, onboarding_completed, recommendation_alert, updated_at) 
    values
        (?, ?, ?, ?, ?, ?, ?, ?, ?, ?)
2026-02-27 13:49:31 - JWT 인증 완료 — memberId: dbdd71a7-cde8-478a-b786-8b90b7a5f667
2026-02-27 13:49:31 - 온보딩 진행 상태 저장 — memberId: dbdd71a7-cde8-478a-b786-8b90b7a5f667, count: 3
2026-02-27 13:49:47 - JWT 인증 완료 — memberId: dbdd71a7-cde8-478a-b786-8b90b7a5f667
2026-02-27 13:49:47 - 온보딩 진행 상태 저장 — memberId: dbdd71a7-cde8-478a-b786-8b90b7a5f667, count: 6
2026-02-27 13:50:06 - JWT 인증 완료 — memberId: dbdd71a7-cde8-478a-b786-8b90b7a5f667
Hibernate: 
    /* <criteria> */ select
        me1_0.id,
        me1_0.created_at,
        me1_0.email,
        me1_0.feedback_reminder,
        me1_0.kakao_id,
        me1_0.location_enabled,
        me1_0.member_id,
        me1_0.nickname,
        me1_0.onboarding_completed,
        me1_0.recommendation_alert,
        me1_0.updated_at 
    from
        lunchpick_member.member me1_0 
    where
        me1_0.member_id=?
2026-02-27 13:50:06 - 취향 벡터 계산 완료 — 카테고리 수: 7
Hibernate: 
    /* <criteria> */ select
        tpe1_0.id,
        tpe1_0.feedback_count,
        tpe1_0.is_cold_start,
        tpe1_0.member_id,
        tpe1_0.taste_vector,
        tpe1_0.updated_at 
    from
        lunchpick_member.taste_profile tpe1_0 
    where
        tpe1_0.member_id=?
Hibernate: 
    /* insert for
        com.unicorn.lunchpick.member.repository.entity.TasteProfileEntity */insert 
    into
        lunchpick_member.taste_profile (feedback_count, is_cold_start, member_id, taste_vector, updated_at) 
    values
        (?, ?, ?, ?, ?)
Hibernate: 
    /* <criteria> */ select
        dre1_0.id,
        dre1_0.allergens,
        dre1_0.custom_allergens,
        dre1_0.diet_type,
        dre1_0.health_info_consent_given,
        dre1_0.member_id,
        dre1_0.updated_at 
    from
        lunchpick_member.dietary_restriction dre1_0 
    where
        dre1_0.member_id=?
Hibernate: 
    /* insert for
        com.unicorn.lunchpick.member.repository.entity.DietaryRestrictionEntity */insert 
    into
        lunchpick_member.dietary_restriction (allergens, custom_allergens, diet_type, health_info_consent_given, member_id, updated_at) 
    values
        (?, ?, ?, ?, ?, ?)
2026-02-27 13:50:06 - 온보딩 완료 — memberId: dbdd71a7-cde8-478a-b786-8b90b7a5f667, topCategories: [양식, 중식, 일식]
Hibernate: 
    /* update
        for com.unicorn.lunchpick.member.repository.entity.MemberEntity */update lunchpick_member.member 
    set
        email=?,
        feedback_reminder=?,
        kakao_id=?,
        location_enabled=?,
        member_id=?,
        nickname=?,
        onboarding_completed=?,
        recommendation_alert=?,
        updated_at=? 
    where
        id=?
2026-02-27 13:50:33 - JWT 인증 완료 — memberId: dbdd71a7-cde8-478a-b786-8b90b7a5f667
Hibernate: 
    /* <criteria> */ select
        me1_0.id,
        me1_0.created_at,
        me1_0.email,
        me1_0.feedback_reminder,
        me1_0.kakao_id,
        me1_0.location_enabled,
        me1_0.member_id,
        me1_0.nickname,
        me1_0.onboarding_completed,
        me1_0.recommendation_alert,
        me1_0.updated_at 
    from
        lunchpick_member.member me1_0 
    where
        me1_0.member_id=?
Hibernate: 
    /* insert for
        com.unicorn.lunchpick.member.repository.entity.LocationConsentEntity */insert 
    into
        lunchpick_member.location_consent (consented, consented_at, created_at, member_id) 
    values
        (?, ?, ?, ?)
2026-02-27 13:50:33 - 위치 동의 처리 완료 — memberId: dbdd71a7-cde8-478a-b786-8b90b7a5f667, consented: true
Hibernate: 
    /* update
        for com.unicorn.lunchpick.member.repository.entity.MemberEntity */update lunchpick_member.member 
    set
        email=?,
        feedback_reminder=?,
        kakao_id=?,
        location_enabled=?,
        member_id=?,
        nickname=?,
        onboarding_completed=?,
        recommendation_alert=?,
        updated_at=? 
    where
        id=?
2026-02-27 13:50:51 - JWT 인증 완료 — memberId: dbdd71a7-cde8-478a-b786-8b90b7a5f667
Hibernate: 
    /* <criteria> */ select
        me1_0.id,
        me1_0.created_at,
        me1_0.email,
        me1_0.feedback_reminder,
        me1_0.kakao_id,
        me1_0.location_enabled,
        me1_0.member_id,
        me1_0.nickname,
        me1_0.onboarding_completed,
        me1_0.recommendation_alert,
        me1_0.updated_at 
    from
        lunchpick_member.member me1_0 
    where
        me1_0.member_id=?
Hibernate: 
    /* insert for
        com.unicorn.lunchpick.member.repository.entity.LocationConsentEntity */insert 
    into
        lunchpick_member.location_consent (consented, consented_at, created_at, member_id) 
    values
        (?, ?, ?, ?)
2026-02-27 13:50:51 - 위치 동의 처리 완료 — memberId: dbdd71a7-cde8-478a-b786-8b90b7a5f667, consented: false
Hibernate: 
    /* update
        for com.unicorn.lunchpick.member.repository.entity.MemberEntity */update lunchpick_member.member 
    set
        email=?,
        feedback_reminder=?,
        kakao_id=?,
        location_enabled=?,
        member_id=?,
        nickname=?,
        onboarding_completed=?,
        recommendation_alert=?,
        updated_at=? 
    where
        id=?
2026-02-27 13:54:28 - JWT 인증 완료 — memberId: dbdd71a7-cde8-478a-b786-8b90b7a5f667
Hibernate: 
    /* <criteria> */ select
        me1_0.id,
        me1_0.created_at,
        me1_0.email,
        me1_0.feedback_reminder,
        me1_0.kakao_id,
        me1_0.location_enabled,
        me1_0.member_id,
        me1_0.nickname,
        me1_0.onboarding_completed,
        me1_0.recommendation_alert,
        me1_0.updated_at 
    from
        lunchpick_member.member me1_0 
    where
        me1_0.member_id=?
2026-02-27 13:55:20 - JWT 인증 완료 — memberId: dbdd71a7-cde8-478a-b786-8b90b7a5f667
Hibernate: 
    /* <criteria> */ select
        me1_0.id,
        me1_0.created_at,
        me1_0.email,
        me1_0.feedback_reminder,
        me1_0.kakao_id,
        me1_0.location_enabled,
        me1_0.member_id,
        me1_0.nickname,
        me1_0.onboarding_completed,
        me1_0.recommendation_alert,
        me1_0.updated_at 
    from
        lunchpick_member.member me1_0 
    where
        me1_0.member_id=?
2026-02-27 13:57:50 - JWT 인증 완료 — memberId: dbdd71a7-cde8-478a-b786-8b90b7a5f667
Hibernate: 
    /* <criteria> */ select
        me1_0.id,
        me1_0.created_at,
        me1_0.email,
        me1_0.feedback_reminder,
        me1_0.kakao_id,
        me1_0.location_enabled,
        me1_0.member_id,
        me1_0.nickname,
        me1_0.onboarding_completed,
        me1_0.recommendation_alert,
        me1_0.updated_at 
    from
        lunchpick_member.member me1_0 
    where
        me1_0.member_id=?
Hibernate: 
    /* <criteria> */ select
        dre1_0.id,
        dre1_0.allergens,
        dre1_0.custom_allergens,
        dre1_0.diet_type,
        dre1_0.health_info_consent_given,
        dre1_0.member_id,
        dre1_0.updated_at 
    from
        lunchpick_member.dietary_restriction dre1_0 
    where
        dre1_0.member_id=?
2026-02-27 14:00:19 - JWT 인증 완료 — memberId: dbdd71a7-cde8-478a-b786-8b90b7a5f667
Hibernate: 
    /* <criteria> */ select
        me1_0.id,
        me1_0.created_at,
        me1_0.email,
        me1_0.feedback_reminder,
        me1_0.kakao_id,
        me1_0.location_enabled,
        me1_0.member_id,
        me1_0.nickname,
        me1_0.onboarding_completed,
        me1_0.recommendation_alert,
        me1_0.updated_at 
    from
        lunchpick_member.member me1_0 
    where
        me1_0.member_id=?
Hibernate: 
    /* <criteria> */ select
        me1_0.id,
        me1_0.created_at,
        me1_0.email,
        me1_0.feedback_reminder,
        me1_0.kakao_id,
        me1_0.location_enabled,
        me1_0.member_id,
        me1_0.nickname,
        me1_0.onboarding_completed,
        me1_0.recommendation_alert,
        me1_0.updated_at 
    from
        lunchpick_member.member me1_0 
    where
        me1_0.nickname=?
Hibernate: 
    /* <criteria> */ select
        me1_0.id,
        me1_0.created_at,
        me1_0.email,
        me1_0.feedback_reminder,
        me1_0.kakao_id,
        me1_0.location_enabled,
        me1_0.member_id,
        me1_0.nickname,
        me1_0.onboarding_completed,
        me1_0.recommendation_alert,
        me1_0.updated_at 
    from
        lunchpick_member.member me1_0 
    where
        me1_0.nickname=?
Hibernate: 
    /* <criteria> */ select
        me1_0.id,
        me1_0.created_at,
        me1_0.email,
        me1_0.feedback_reminder,
        me1_0.kakao_id,
        me1_0.location_enabled,
        me1_0.member_id,
        me1_0.nickname,
        me1_0.onboarding_completed,
        me1_0.recommendation_alert,
        me1_0.updated_at 
    from
        lunchpick_member.member me1_0 
    where
        me1_0.nickname=?
Hibernate: 
    /* <criteria> */ select
        me1_0.id,
        me1_0.created_at,
        me1_0.email,
        me1_0.feedback_reminder,
        me1_0.kakao_id,
        me1_0.location_enabled,
        me1_0.member_id,
        me1_0.nickname,
        me1_0.onboarding_completed,
        me1_0.recommendation_alert,
        me1_0.updated_at 
    from
        lunchpick_member.member me1_0 
    where
        me1_0.nickname=?
2026-02-27 14:02:11 - JWT 인증 완료 — memberId: dbdd71a7-cde8-478a-b786-8b90b7a5f667
Hibernate: 
    /* <criteria> */ select
        me1_0.id,
        me1_0.created_at,
        me1_0.email,
        me1_0.feedback_reminder,
        me1_0.kakao_id,
        me1_0.location_enabled,
        me1_0.member_id,
        me1_0.nickname,
        me1_0.onboarding_completed,
        me1_0.recommendation_alert,
        me1_0.updated_at 
    from
        lunchpick_member.member me1_0 
    where
        me1_0.member_id=?
Hibernate: 
    /* <criteria> */ select
        dre1_0.id,
        dre1_0.allergens,
        dre1_0.custom_allergens,
        dre1_0.diet_type,
        dre1_0.health_info_consent_given,
        dre1_0.member_id,
        dre1_0.updated_at 
    from
        lunchpick_member.dietary_restriction dre1_0 
    where
        dre1_0.member_id=?
Hibernate: 
    /* <criteria> */ select
        me1_0.id,
        me1_0.created_at,
        me1_0.email,
        me1_0.feedback_reminder,
        me1_0.kakao_id,
        me1_0.location_enabled,
        me1_0.member_id,
        me1_0.nickname,
        me1_0.onboarding_completed,
        me1_0.recommendation_alert,
        me1_0.updated_at 
    from
        lunchpick_member.member me1_0 
    where
        me1_0.nickname=?
Hibernate: 
    /* <criteria> */ select
        me1_0.id,
        me1_0.created_at,
        me1_0.email,
        me1_0.feedback_reminder,
        me1_0.kakao_id,
        me1_0.location_enabled,
        me1_0.member_id,
        me1_0.nickname,
        me1_0.onboarding_completed,
        me1_0.recommendation_alert,
        me1_0.updated_at 
    from
        lunchpick_member.member me1_0 
    where
        me1_0.nickname=?
2026-02-27 14:07:11 - JWT 인증 완료 — memberId: dbdd71a7-cde8-478a-b786-8b90b7a5f667
Hibernate: 
    /* <criteria> */ select
        me1_0.id,
        me1_0.created_at,
        me1_0.email,
        me1_0.feedback_reminder,
        me1_0.kakao_id,
        me1_0.location_enabled,
        me1_0.member_id,
        me1_0.nickname,
        me1_0.onboarding_completed,
        me1_0.recommendation_alert,
        me1_0.updated_at 
    from
        lunchpick_member.member me1_0 
    where
        me1_0.member_id=?
Hibernate: 
    /* <criteria> */ select
        me1_0.id,
        me1_0.created_at,
        me1_0.email,
        me1_0.feedback_reminder,
        me1_0.kakao_id,
        me1_0.location_enabled,
        me1_0.member_id,
        me1_0.nickname,
        me1_0.onboarding_completed,
        me1_0.recommendation_alert,
        me1_0.updated_at 
    from
        lunchpick_member.member me1_0 
    where
        me1_0.nickname=?
Hibernate: 
    /* <criteria> */ select
        me1_0.id,
        me1_0.created_at,
        me1_0.email,
        me1_0.feedback_reminder,
        me1_0.kakao_id,
        me1_0.location_enabled,
        me1_0.member_id,
        me1_0.nickname,
        me1_0.onboarding_completed,
        me1_0.recommendation_alert,
        me1_0.updated_at 
    from
        lunchpick_member.member me1_0 
    where
        me1_0.nickname=?
Hibernate: 
    /* <criteria> */ select
        me1_0.id,
        me1_0.created_at,
        me1_0.email,
        me1_0.feedback_reminder,
        me1_0.kakao_id,
        me1_0.location_enabled,
        me1_0.member_id,
        me1_0.nickname,
        me1_0.onboarding_completed,
        me1_0.recommendation_alert,
        me1_0.updated_at 
    from
        lunchpick_member.member me1_0 
    where
        me1_0.nickname=?
Hibernate: 
    /* <criteria> */ select
        me1_0.id,
        me1_0.created_at,
        me1_0.email,
        me1_0.feedback_reminder,
        me1_0.kakao_id,
        me1_0.location_enabled,
        me1_0.member_id,
        me1_0.nickname,
        me1_0.onboarding_completed,
        me1_0.recommendation_alert,
        me1_0.updated_at 
    from
        lunchpick_member.member me1_0 
    where
        me1_0.nickname=?
2026-02-27 14:15:18 - JWT 인증 완료 — memberId: dbdd71a7-cde8-478a-b786-8b90b7a5f667
Hibernate: 
    /* <criteria> */ select
        me1_0.id,
        me1_0.created_at,
        me1_0.email,
        me1_0.feedback_reminder,
        me1_0.kakao_id,
        me1_0.location_enabled,
        me1_0.member_id,
        me1_0.nickname,
        me1_0.onboarding_completed,
        me1_0.recommendation_alert,
        me1_0.updated_at 
    from
        lunchpick_member.member me1_0 
    where
        me1_0.member_id=?
Hibernate: 
    /* <criteria> */ select
        dre1_0.id,
        dre1_0.allergens,
        dre1_0.custom_allergens,
        dre1_0.diet_type,
        dre1_0.health_info_consent_given,
        dre1_0.member_id,
        dre1_0.updated_at 
    from
        lunchpick_member.dietary_restriction dre1_0 
    where
        dre1_0.member_id=?
2026-02-27 14:17:57 - 카카오 토큰 교환 실패 — HTTP 401 UNAUTHORIZED: 
2026-02-27 14:17:57 - 비즈니스 예외 발생 — errorCode: KAKAO_AUTH_FAILED, message: 인증에 실패했어요. 다시 시도해주세요.
2026-02-27 14:18:02 - 카카오 토큰 교환 실패 — HTTP 401 UNAUTHORIZED: 
2026-02-27 14:18:02 - 비즈니스 예외 발생 — errorCode: KAKAO_AUTH_FAILED, message: 인증에 실패했어요. 다시 시도해주세요.
2026-02-27 14:18:18 - 카카오 토큰 교환 실패 — HTTP 401 UNAUTHORIZED: 
2026-02-27 14:18:18 - 비즈니스 예외 발생 — errorCode: KAKAO_AUTH_FAILED, message: 인증에 실패했어요. 다시 시도해주세요.
2026-02-27 14:18:47 - 카카오 토큰 교환 실패 — HTTP 401 UNAUTHORIZED: 
2026-02-27 14:18:47 - 비즈니스 예외 발생 — errorCode: KAKAO_AUTH_FAILED, message: 인증에 실패했어요. 다시 시도해주세요.
2026-02-27 14:18:49 - 카카오 토큰 교환 실패 — HTTP 401 UNAUTHORIZED: 
2026-02-27 14:18:49 - 비즈니스 예외 발생 — errorCode: KAKAO_AUTH_FAILED, message: 인증에 실패했어요. 다시 시도해주세요.
2026-02-27 14:18:49 - 카카오 토큰 교환 실패 — HTTP 401 UNAUTHORIZED: 
2026-02-27 14:18:49 - 비즈니스 예외 발생 — errorCode: KAKAO_AUTH_FAILED, message: 인증에 실패했어요. 다시 시도해주세요.
2026-02-27 14:18:50 - 카카오 토큰 교환 실패 — HTTP 401 UNAUTHORIZED: 
2026-02-27 14:18:50 - 비즈니스 예외 발생 — errorCode: KAKAO_AUTH_FAILED, message: 인증에 실패했어요. 다시 시도해주세요.
